<html>
<body>
<pre>
<h1>µVision Build Log</h1>
<h2>Tool Versions:</h2>
IDE-Version: µVision V5.38.0.0
Copyright (C) 2022 ARM Ltd and ARM Germany GmbH. All rights reserved.
License Information: A K, WS, LIC=NQQMA-1JTCX-ARSXW-QJLTY-I5FI4-3VTSK
 
Tool Versions:
Toolchain:       MDK-ARM Plus  Version: 5.38.0.0
Toolchain Path:  D:\BSUIR\Semester7\POVS\KeilMDKv5.38a.f.taiwebs.com\ARM\ARMCLANG\Bin
C Compiler:      ArmClang.exe V6.19
Assembler:       Armasm.exe V6.19
Linker/Locator:  ArmLink.exe V6.19
Library Manager: ArmAr.exe V6.19
Hex Converter:   FromElf.exe V6.19
CPU DLL:         SARMCM3.DLL V5.38.0.0
Dialog DLL:      DCM.DLL V1.17.5.0
Target DLL:      STLink\ST-LINKIII-KEIL_SWO.dll V3.1.0.0
Dialog DLL:      TCM.DLL V1.56.4.0
 
<h2>Project:</h2>
D:\BSUIR\Semester7\POVS\Labs\Lab4_1\MDK-ARM\LABA5_BLUETOOTH2.uvprojx
Project File Date:  12/10/2025

<h2>Output:</h2>
*** Using Compiler 'V6.19', folder: 'D:\BSUIR\Semester7\POVS\KeilMDKv5.38a.f.taiwebs.com\ARM\ARMCLANG\Bin'
Rebuild target 'LABA5_BLUETOOTH2'
assembling startup_stm32f103xb.s...
compiling stm32f1xx_hal_gpio_ex.c...
compiling stm32f1xx_hal_msp.c...
compiling stm32f1xx_hal_rcc_ex.c...
compiling stm32f1xx_hal_dma.c...
compiling stm32f1xx_it.c...
compiling stm32f1xx_hal.c...
compiling stm32f1xx_hal_pwr.c...
compiling stm32f1xx_hal_cortex.c...
compiling stm32f1xx_hal_flash.c...
compiling stm32f1xx_hal_gpio.c...
compiling stm32f1xx_hal_flash_ex.c...
compiling stm32f1xx_hal_rcc.c...
../Core/Src/main.c(90): warning: format specifies type 'unsigned long' but the argument has type 'uint32_t' (aka 'unsigned int') [-Wformat]
        loop_count,
        ^~~~~~~~~~
../Core/Src/main.c(91): warning: format specifies type 'unsigned long' but the argument has type 'uint32_t' (aka 'unsigned int') [-Wformat]
        dma_complete_count,
        ^~~~~~~~~~~~~~~~~~
../Core/Src/main.c(252): warning: format specifies type 'unsigned long' but the argument has type 'uint32_t' (aka 'unsigned int') [-Wformat]
  snprintf(dbg, sizeof(dbg), "[TEST] DMA Complete count: %lu\r\n", dma_complete_count);
                                                         ~~~       ^~~~~~~~~~~~~~~~~~
                                                         %u
3 warnings generated.
compiling main.c...
compiling stm32f1xx_hal_adc_ex.c...
compiling stm32f1xx_hal_exti.c...
compiling stm32f1xx_hal_adc.c...
compiling system_stm32f1xx.c...
compiling stm32f1xx_hal_tim_ex.c...
compiling stm32f1xx_hal_uart.c...
compiling stm32f1xx_hal_tim.c...
linking...
Program Size: Code=14636 RO-data=884 RW-data=12 ZI-data=2116  
FromELF: creating hex file...
"LABA5_BLUETOOTH2\LABA5_BLUETOOTH2.axf" - 0 Error(s), 3 Warning(s).

<h2>Software Packages used:</h2>

Package Vendor: ARM
                http://www.keil.com/pack/ARM.CMSIS.5.9.0.pack
                ARM.CMSIS.5.9.0
                CMSIS (Common Microcontroller Software Interface Standard)
   * Component: CORE Version: 5.6.0

Package Vendor: Keil
                https://www.keil.com/pack/Keil.STM32F1xx_DFP.2.4.1.pack
                Keil.STM32F1xx_DFP.2.4.1
                STMicroelectronics STM32F1 Series Device Support, Drivers and Examples

<h2>Collection of Component include folders:</h2>
  ./RTE/_LABA5_BLUETOOTH2
  D:/BSUIR/Semester7/POVS/KeilMDKv5.38a.f.taiwebs.com/ARM/CMSIS/5.9.0/CMSIS/Core/Include
  D:/BSUIR/Semester7/POVS/KeilMDKv5.38a.f.taiwebs.com/Keil/STM32F1xx_DFP/2.4.1/Device/Include

<h2>Collection of Component Files used:</h2>

   * Component: ARM::CMSIS:CORE:5.6.0
      Include file:  CMSIS/Core/Include/tz_context.h
Build Time Elapsed:  00:00:03
</pre>
</body>
</html>
