Component: Arm Compiler for Embedded 6.19 Tool: armlink [5e73cb00]

==============================================================================

Section Cross References

    startup_stm32f103xb.o(STACK) refers (Special) to heapauxi.o(.text) for __use_two_region_memory
    startup_stm32f103xb.o(HEAP) refers (Special) to heapauxi.o(.text) for __use_two_region_memory
    startup_stm32f103xb.o(RESET) refers (Special) to heapauxi.o(.text) for __use_two_region_memory
    startup_stm32f103xb.o(RESET) refers to startup_stm32f103xb.o(STACK) for __initial_sp
    startup_stm32f103xb.o(RESET) refers to startup_stm32f103xb.o(.text) for Reset_Handler
    startup_stm32f103xb.o(RESET) refers to stm32f1xx_it.o(.text.NMI_Handler) for NMI_Handler
    startup_stm32f103xb.o(RESET) refers to stm32f1xx_it.o(.text.HardFault_Handler) for HardFault_Handler
    startup_stm32f103xb.o(RESET) refers to stm32f1xx_it.o(.text.MemManage_Handler) for MemManage_Handler
    startup_stm32f103xb.o(RESET) refers to stm32f1xx_it.o(.text.BusFault_Handler) for BusFault_Handler
    startup_stm32f103xb.o(RESET) refers to stm32f1xx_it.o(.text.UsageFault_Handler) for UsageFault_Handler
    startup_stm32f103xb.o(RESET) refers to stm32f1xx_it.o(.text.SVC_Handler) for SVC_Handler
    startup_stm32f103xb.o(RESET) refers to stm32f1xx_it.o(.text.DebugMon_Handler) for DebugMon_Handler
    startup_stm32f103xb.o(RESET) refers to stm32f1xx_it.o(.text.PendSV_Handler) for PendSV_Handler
    startup_stm32f103xb.o(RESET) refers to stm32f1xx_it.o(.text.SysTick_Handler) for SysTick_Handler
    startup_stm32f103xb.o(RESET) refers to stm32f1xx_it.o(.text.EXTI0_IRQHandler) for EXTI0_IRQHandler
    startup_stm32f103xb.o(RESET) refers to stm32f1xx_it.o(.text.EXTI1_IRQHandler) for EXTI1_IRQHandler
    startup_stm32f103xb.o(RESET) refers to stm32f1xx_it.o(.text.EXTI4_IRQHandler) for EXTI4_IRQHandler
    startup_stm32f103xb.o(RESET) refers to stm32f1xx_it.o(.text.DMA1_Channel6_IRQHandler) for DMA1_Channel6_IRQHandler
    startup_stm32f103xb.o(RESET) refers to stm32f1xx_it.o(.text.DMA1_Channel7_IRQHandler) for DMA1_Channel7_IRQHandler
    startup_stm32f103xb.o(RESET) refers to stm32f1xx_it.o(.text.USART2_IRQHandler) for USART2_IRQHandler
    startup_stm32f103xb.o(.text) refers (Special) to heapauxi.o(.text) for __use_two_region_memory
    startup_stm32f103xb.o(.text) refers to system_stm32f1xx.o(.text.SystemInit) for SystemInit
    startup_stm32f103xb.o(.text) refers to __main.o(!!!main) for __main
    startup_stm32f103xb.o(.text) refers to startup_stm32f103xb.o(HEAP) for Heap_Mem
    startup_stm32f103xb.o(.text) refers to startup_stm32f103xb.o(STACK) for Stack_Mem
    main.o(.text.main) refers to stm32f1xx_hal.o(.text.HAL_Init) for HAL_Init
    main.o(.text.main) refers to stm32f1xx_hal_rcc.o(.text.HAL_RCC_OscConfig) for HAL_RCC_OscConfig
    main.o(.text.main) refers to stm32f1xx_hal_rcc.o(.text.HAL_RCC_ClockConfig) for HAL_RCC_ClockConfig
    main.o(.text.main) refers to stm32f1xx_hal_gpio.o(.text.HAL_GPIO_Init) for HAL_GPIO_Init
    main.o(.text.main) refers to stm32f1xx_hal_cortex.o(.text.HAL_NVIC_SetPriority) for HAL_NVIC_SetPriority
    main.o(.text.main) refers to stm32f1xx_hal_cortex.o(.text.HAL_NVIC_EnableIRQ) for HAL_NVIC_EnableIRQ
    main.o(.text.main) refers to main.o(.bss..L_MergedGlobals) for .L_MergedGlobals
    main.o(.text.main) refers to stm32f1xx_hal_uart.o(.text.HAL_UART_Init) for HAL_UART_Init
    main.o(.text.main) refers to stm32f1xx_hal.o(.text.HAL_GetTick) for HAL_GetTick
    main.o(.text.main) refers to globals.o(.bss.Utils_RandomSeed) for Utils_RandomSeed
    main.o(.text.main) refers to input.o(.text.Input_Init) for Input_Init
    main.o(.text.main) refers to protocol.o(.text.Protocol_Init) for Protocol_Init
    main.o(.text.main) refers to main.o(.bss.game) for game
    main.o(.text.main) refers to game_state.o(.text.GameState_Init) for GameState_Init
    main.o(.text.main) refers to protocol.o(.text.Protocol_ProcessIncoming) for Protocol_ProcessIncoming
    main.o(.text.main) refers to input.o(.text.Input_Update) for Input_Update
    main.o(.text.main) refers to input.o(.text.Input_JustPressed) for Input_JustPressed
    main.o(.text.main) refers to player.o(.text.Player_Shoot) for Player_Shoot
    main.o(.text.main) refers to game_state.o(.text.GameState_Update) for GameState_Update
    main.o(.text.main) refers to protocol.o(.text.Protocol_SendGameState) for Protocol_SendGameState
    main.o(.text.main) refers to protocol.o(.text.Protocol_CleanupRxBuffer) for Protocol_CleanupRxBuffer
    main.o(.ARM.exidx.text.main) refers to main.o(.text.main) for [Anonymous Symbol]
    main.o(.text.SystemClock_Config) refers to stm32f1xx_hal_rcc.o(.text.HAL_RCC_OscConfig) for HAL_RCC_OscConfig
    main.o(.text.SystemClock_Config) refers to stm32f1xx_hal_rcc.o(.text.HAL_RCC_ClockConfig) for HAL_RCC_ClockConfig
    main.o(.ARM.exidx.text.SystemClock_Config) refers to main.o(.text.SystemClock_Config) for [Anonymous Symbol]
[...]
    .ARM.Collect$$libshutdown$$00000004      0x0800016e   Section        0  libshutdown2.o(.ARM.Collect$$libshutdown$$00000004)
    .ARM.Collect$$libshutdown$$00000007      0x0800016e   Section        0  libshutdown2.o(.ARM.Collect$$libshutdown$$00000007)
    .ARM.Collect$$libshutdown$$0000000A      0x0800016e   Section        0  libshutdown2.o(.ARM.Collect$$libshutdown$$0000000A)
    .ARM.Collect$$libshutdown$$0000000C      0x0800016e   Section        0  libshutdown2.o(.ARM.Collect$$libshutdown$$0000000C)
    .ARM.Collect$$libshutdown$$0000000F      0x0800016e   Section        0  libshutdown2.o(.ARM.Collect$$libshutdown$$0000000F)
    .ARM.Collect$$libshutdown$$00000010      0x0800016e   Section        2  libshutdown2.o(.ARM.Collect$$libshutdown$$00000010)
    .ARM.Collect$$rtentry$$00000000          0x08000170   Section        0  __rtentry.o(.ARM.Collect$$rtentry$$00000000)
    .ARM.Collect$$rtentry$$00000002          0x08000170   Section        0  __rtentry2.o(.ARM.Collect$$rtentry$$00000002)
    .ARM.Collect$$rtentry$$00000004          0x08000170   Section        6  __rtentry4.o(.ARM.Collect$$rtentry$$00000004)
    .ARM.Collect$$rtentry$$00000009          0x08000176   Section        0  __rtentry2.o(.ARM.Collect$$rtentry$$00000009)
    .ARM.Collect$$rtentry$$0000000A          0x08000176   Section        4  __rtentry2.o(.ARM.Collect$$rtentry$$0000000A)
    .ARM.Collect$$rtentry$$0000000C          0x0800017a   Section        0  __rtentry2.o(.ARM.Collect$$rtentry$$0000000C)
    .ARM.Collect$$rtentry$$0000000D          0x0800017a   Section        8  __rtentry2.o(.ARM.Collect$$rtentry$$0000000D)
    .ARM.Collect$$rtexit$$00000000           0x08000182   Section        2  rtexit.o(.ARM.Collect$$rtexit$$00000000)
    .ARM.Collect$$rtexit$$00000002           0x08000184   Section        0  rtexit2.o(.ARM.Collect$$rtexit$$00000002)
    .ARM.Collect$$rtexit$$00000003           0x08000184   Section        4  rtexit2.o(.ARM.Collect$$rtexit$$00000003)
    .ARM.Collect$$rtexit$$00000004           0x08000188   Section        6  rtexit2.o(.ARM.Collect$$rtexit$$00000004)
    .text                                    0x08000190   Section       64  startup_stm32f103xb.o(.text)
    .text                                    0x080001d0   Section        0  h1_alloc.o(.text)
    .text                                    0x0800022e   Section        0  h1_free.o(.text)
    .text                                    0x0800027c   Section      100  rt_memcpy_w.o(.text)
    .text                                    0x080002e0   Section       78  rt_memclr_w.o(.text)
    .text                                    0x0800032e   Section        0  heapauxi.o(.text)
    .text                                    0x08000334   Section        8  rt_heap_descriptor_intlibspace.o(.text)
    .text                                    0x0800033c   Section        0  hguard.o(.text)
    .text                                    0x08000340   Section        0  init_alloc.o(.text)
    .text                                    0x080003ca   Section        0  h1_init.o(.text)
    .text                                    0x080003d8   Section        0  _rserrno.o(.text)
    .text                                    0x080003f0   Section        8  libspace.o(.text)
    .text                                    0x080003f8   Section        8  rt_errno_addr_intlibspace.o(.text)
    .text                                    0x08000400   Section        0  maybetermalloc1.o(.text)
    .text                                    0x08000400   Section        0  h1_extend.o(.text)
    .text                                    0x08000434   Section        0  defsig_rtmem_outer.o(.text)
    .text                                    0x08000442   Section        2  use_no_semi.o(.text)
    .text                                    0x08000444   Section        0  indicate_semi.o(.text)
    .text                                    0x08000444   Section       74  sys_stackheap_outer.o(.text)
    .text                                    0x0800048e   Section        0  exit.o(.text)
    .text                                    0x080004a0   Section        0  defsig_exit.o(.text)
    .text                                    0x080004ac   Section        0  defsig_rtmem_inner.o(.text)
    .text                                    0x080004fc   Section        0  sys_exit.o(.text)
    .text                                    0x08000508   Section        0  defsig_general.o(.text)
    .text                                    0x0800053a   Section        0  sys_wrch.o(.text)
    [Anonymous Symbol]                       0x08000548   Section        0  stm32f1xx_it.o(.text.BusFault_Handler)
    [Anonymous Symbol]                       0x0800054c   Section        0  stm32f1xx_it.o(.text.DMA1_Channel6_IRQHandler)
    [Anonymous Symbol]                       0x08000558   Section        0  stm32f1xx_it.o(.text.DMA1_Channel7_IRQHandler)
    [Anonymous Symbol]                       0x08000564   Section        0  stm32f1xx_it.o(.text.DebugMon_Handler)
    [Anonymous Symbol]                       0x08000568   Section        0  stm32f1xx_it.o(.text.EXTI0_IRQHandler)
    [Anonymous Symbol]                       0x08000570   Section        0  stm32f1xx_it.o(.text.EXTI1_IRQHandler)
    [Anonymous Symbol]                       0x08000578   Section        0  stm32f1xx_it.o(.text.EXTI4_IRQHandler)
    [Anonymous Symbol]                       0x08000580   Section        0  cleanup.o(.text.Enemies_CleanupOld)
    [Anonymous Symbol]                       0x0800060c   Section        0  enemies.o(.text.Enemies_GeneratePatrolPoints)
    [Anonymous Symbol]                       0x08000af8   Section        0  enemies.o(.text.Enemies_RemoveHard)
    [Anonymous Symbol]                       0x08000b2c   Section        0  enemies.o(.text.Enemies_RemoveSimple)
    [Anonymous Symbol]                       0x08000b98   Section        0  enemies.o(.text.Enemies_ShootHardAtPlayer)
    [Anonymous Symbol]                       0x08000ca4   Section        0  enemies.o(.text.Enemies_Update)
    [Anonymous Symbol]                       0x08001430   Section        0  enemies.o(.text.EnemyHard_UpdateAI)
    [Anonymous Symbol]                       0x08001664   Section        0  enemies.o(.text.EnemySimple_UpdateAI)
    [Anonymous Symbol]                       0x08001760   Section        0  main.o(.text.Error_Handler)
    [Anonymous Symbol]                       0x08001778   Section        0  collisions.o(.text.GameState_CheckCollisions)
    [Anonymous Symbol]                       0x0800178c   Section        0  game_state.o(.text.GameState_Cleanup)
    [Anonymous Symbol]                       0x080017a8   Section        0  game_state.o(.text.GameState_Init)
    [Anonymous Symbol]                       0x08001858   Section        0  game_state.o(.text.GameState_Update)
    [Anonymous Symbol]                       0x080018b0   Section        0  stm32f1xx_hal_dma.o(.text.HAL_DMA_Abort)
    [Anonymous Symbol]                       0x080018f8   Section        0  stm32f1xx_hal_dma.o(.text.HAL_DMA_Abort_IT)
    [Anonymous Symbol]                       0x080019ac   Section        0  stm32f1xx_hal_dma.o(.text.HAL_DMA_IRQHandler)
    [Anonymous Symbol]                       0x08001b4c   Section        0  stm32f1xx_hal_dma.o(.text.HAL_DMA_Init)
    [Anonymous Symbol]                       0x08001bd4   Section        0  stm32f1xx_hal_dma.o(.text.HAL_DMA_Start_IT)
    [Anonymous Symbol]                       0x08001c70   Section        0  stm32f1xx_hal_gpio.o(.text.HAL_GPIO_EXTI_Callback)
    [Anonymous Symbol]                       0x08001c74   Section        0  stm32f1xx_hal_gpio.o(.text.HAL_GPIO_EXTI_IRQHandler)
    [Anonymous Symbol]                       0x08001c8c   Section        0  stm32f1xx_hal_gpio.o(.text.HAL_GPIO_Init)
    [Anonymous Symbol]                       0x08001ea8   Section        0  stm32f1xx_hal_gpio.o(.text.HAL_GPIO_ReadPin)
    [Anonymous Symbol]                       0x08001eb4   Section        0  stm32f1xx_hal.o(.text.HAL_GetTick)
    [Anonymous Symbol]                       0x08001ec0   Section        0  stm32f1xx_hal.o(.text.HAL_IncTick)
    [Anonymous Symbol]                       0x08001edc   Section        0  stm32f1xx_hal.o(.text.HAL_Init)
    [Anonymous Symbol]                       0x08001f04   Section        0  stm32f1xx_hal.o(.text.HAL_InitTick)
    [Anonymous Symbol]                       0x08001f4c   Section        0  stm32f1xx_hal_msp.o(.text.HAL_MspInit)
    [Anonymous Symbol]                       0x08001f90   Section        0  stm32f1xx_hal_cortex.o(.text.HAL_NVIC_EnableIRQ)
    [Anonymous Symbol]                       0x08001fb8   Section        0  stm32f1xx_hal_cortex.o(.text.HAL_NVIC_SetPriority)
    [Anonymous Symbol]                       0x08002010   Section        0  stm32f1xx_hal_cortex.o(.text.HAL_NVIC_SetPriorityGrouping)
    [Anonymous Symbol]                       0x08002030   Section        0  stm32f1xx_hal_rcc.o(.text.HAL_RCC_ClockConfig)
    [Anonymous Symbol]                       0x080021f0   Section        0  stm32f1xx_hal_rcc.o(.text.HAL_RCC_GetPCLK1Freq)
    [Anonymous Symbol]                       0x08002218   Section        0  stm32f1xx_hal_rcc.o(.text.HAL_RCC_GetPCLK2Freq)
    [Anonymous Symbol]                       0x08002240   Section        0  stm32f1xx_hal_rcc.o(.text.HAL_RCC_OscConfig)
    [Anonymous Symbol]                       0x080025f4   Section        0  stm32f1xx_hal_cortex.o(.text.HAL_SYSTICK_Config)
    [Anonymous Symbol]                       0x08002620   Section        0  stm32f1xx_hal_uart.o(.text.HAL_UARTEx_RxEventCallback)
    [Anonymous Symbol]                       0x08002624   Section        0  main.o(.text.HAL_UART_ErrorCallback)
    [Anonymous Symbol]                       0x0800265c   Section        0  stm32f1xx_hal_uart.o(.text.HAL_UART_IRQHandler)
    [Anonymous Symbol]                       0x08002bbc   Section        0  stm32f1xx_hal_uart.o(.text.HAL_UART_Init)
    [Anonymous Symbol]                       0x08002ca0   Section        0  stm32f1xx_hal_msp.o(.text.HAL_UART_MspInit)
    [Anonymous Symbol]                       0x08002d78   Section        0  stm32f1xx_hal_uart.o(.text.HAL_UART_Receive_DMA)
    [Anonymous Symbol]                       0x08002ed8   Section        0  stm32f1xx_hal_uart.o(.text.HAL_UART_RxCpltCallback)
    [Anonymous Symbol]                       0x08002edc   Section        0  stm32f1xx_hal_uart.o(.text.HAL_UART_RxHalfCpltCallback)
    [Anonymous Symbol]                       0x08002ee0   Section        0  stm32f1xx_hal_uart.o(.text.HAL_UART_Transmit_DMA)
    [Anonymous Symbol]                       0x08002f9c   Section        0  main.o(.text.HAL_UART_TxCpltCallback)
    [Anonymous Symbol]                       0x08002fbc   Section        0  stm32f1xx_hal_uart.o(.text.HAL_UART_TxHalfCpltCallback)
    [Anonymous Symbol]                       0x08002fc0   Section        0  stm32f1xx_it.o(.text.HardFault_Handler)
    [Anonymous Symbol]                       0x08002fc4   Section        0  input.o(.text.Input_Init)
    [Anonymous Symbol]                       0x08002fc8   Section        0  input.o(.text.Input_IsPressed)
    [Anonymous Symbol]                       0x08002fe4   Section        0  input.o(.text.Input_JustPressed)
    [Anonymous Symbol]                       0x08003024   Section        0  input.o(.text.Input_Update)
    [Anonymous Symbol]                       0x08003070   Section        0  stm32f1xx_it.o(.text.MemManage_Handler)
    [Anonymous Symbol]                       0x08003074   Section        0  stm32f1xx_it.o(.text.NMI_Handler)
    [Anonymous Symbol]                       0x08003078   Section        0  cleanup.o(.text.Obstacles_CleanupOld)
    [Anonymous Symbol]                       0x080030ec   Section        0  stm32f1xx_it.o(.text.PendSV_Handler)
    [Anonymous Symbol]                       0x080030f0   Section        0  collisions.o(.text.Player_CheckEnemyCollisions)
    [Anonymous Symbol]                       0x0800322c   Section        0  player.o(.text.Player_HandleMovement)
    [Anonymous Symbol]                       0x08003348   Section        0  player.o(.text.Player_HandleRotation)
    [Anonymous Symbol]                       0x08003408   Section        0  player.o(.text.Player_Shoot)
    [Anonymous Symbol]                       0x080034a8   Section        0  player.o(.text.Player_Update)
    [Anonymous Symbol]                       0x080034cc   Section        0  collisions.o(.text.Projectiles_CheckCollisions)
    [Anonymous Symbol]                       0x08003858   Section        0  projectiles.o(.text.Projectiles_Remove)
    [Anonymous Symbol]                       0x080038a8   Section        0  projectiles.o(.text.Projectiles_Update)
    [Anonymous Symbol]                       0x08003914   Section        0  protocol.o(.text.Protocol_CleanupRxBuffer)
    [Anonymous Symbol]                       0x08003954   Section        0  protocol.o(.text.Protocol_Init)
    [Anonymous Symbol]                       0x0800397c   Section        0  protocol.o(.text.Protocol_ProcessIncoming)
    [Anonymous Symbol]                       0x0800424c   Section        0  protocol.o(.text.Protocol_SendGameState)
    [Anonymous Symbol]                       0x08004828   Section        0  stm32f1xx_it.o(.text.SVC_Handler)
    [Anonymous Symbol]                       0x0800482c   Section        0  stm32f1xx_it.o(.text.SysTick_Handler)
    [Anonymous Symbol]                       0x08004830   Section        0  system_stm32f1xx.o(.text.SystemInit)
    UART_DMAAbortOnError                     0x08004835   Thumb Code    12  stm32f1xx_hal_uart.o(.text.UART_DMAAbortOnError)
    [Anonymous Symbol]                       0x08004834   Section        0  stm32f1xx_hal_uart.o(.text.UART_DMAAbortOnError)
    UART_DMAError                            0x08004841   Thumb Code   380  stm32f1xx_hal_uart.o(.text.UART_DMAError)
    [Anonymous Symbol]                       0x08004840   Section        0  stm32f1xx_hal_uart.o(.text.UART_DMAError)
    UART_DMAReceiveCplt                      0x080049bd   Thumb Code   350  stm32f1xx_hal_uart.o(.text.UART_DMAReceiveCplt)
    [Anonymous Symbol]                       0x080049bc   Section        0  stm32f1xx_hal_uart.o(.text.UART_DMAReceiveCplt)
    UART_DMARxHalfCplt                       0x08004b1d   Thumb Code    24  stm32f1xx_hal_uart.o(.text.UART_DMARxHalfCplt)
    [Anonymous Symbol]                       0x08004b1c   Section        0  stm32f1xx_hal_uart.o(.text.UART_DMARxHalfCplt)
    UART_DMATransmitCplt                     0x08004b35   Thumb Code   176  stm32f1xx_hal_uart.o(.text.UART_DMATransmitCplt)
    [Anonymous Symbol]                       0x08004b34   Section        0  stm32f1xx_hal_uart.o(.text.UART_DMATransmitCplt)
    UART_DMATxHalfCplt                       0x08004be5   Thumb Code     6  stm32f1xx_hal_uart.o(.text.UART_DMATxHalfCplt)
    [Anonymous Symbol]                       0x08004be4   Section        0  stm32f1xx_hal_uart.o(.text.UART_DMATxHalfCplt)
    UART_Receive_IT                          0x08004bed   Thumb Code   254  stm32f1xx_hal_uart.o(.text.UART_Receive_IT)
    [Anonymous Symbol]                       0x08004bec   Section        0  stm32f1xx_hal_uart.o(.text.UART_Receive_IT)
    [Anonymous Symbol]                       0x08004cec   Section        0  stm32f1xx_it.o(.text.USART2_IRQHandler)
    [Anonymous Symbol]                       0x08004cf8   Section        0  stm32f1xx_it.o(.text.UsageFault_Handler)
    [Anonymous Symbol]                       0x08004cfc   Section        0  whirlpool.o(.text.WhirlpoolManager_Add)
    [Anonymous Symbol]                       0x08004d38   Section        0  whirlpool.o(.text.WhirlpoolManager_Cleanup)
    [Anonymous Symbol]                       0x08004da8   Section        0  whirlpool.o(.text.WhirlpoolManager_CreateForTeleport)
    [Anonymous Symbol]                       0x080051fc   Section        0  whirlpool.o(.text.WhirlpoolManager_Init)
    [Anonymous Symbol]                       0x08005208   Section        0  whirlpool.o(.text.WhirlpoolManager_Update)
    [Anonymous Symbol]                       0x080053f0   Section        0  main.o(.text.main)
    i.__ARM_fpclassifyf                      0x080055de   Section        0  fpclassifyf.o(i.__ARM_fpclassifyf)
    i.__mathlib_flt_infnan                   0x08005604   Section        0  funder.o(i.__mathlib_flt_infnan)
    i.__mathlib_flt_infnan2                  0x0800560a   Section        0  funder.o(i.__mathlib_flt_infnan2)
    i.__mathlib_flt_invalid                  0x0800560e   Section        0  funder.o(i.__mathlib_flt_invalid)
    i.__mathlib_flt_underflow                0x08005616   Section        0  funder.o(i.__mathlib_flt_underflow)
    i.__mathlib_rredf2                       0x08005620   Section        0  rredf.o(i.__mathlib_rredf2)
    i.atan2f                                 0x08005788   Section        0  atan2f.o(i.atan2f)
    i.cosf                                   0x08005a2c   Section        0  cosf.o(i.cosf)
    i.fmodf                                  0x08005ba8   Section        0  fmodf.o(i.fmodf)
    i.sinf                                   0x08005c14   Section        0  sinf.o(i.sinf)
    i.sqrtf                                  0x08005d9c   Section        0  sqrtf.o(i.sqrtf)
    x$fpl$fadd                               0x08005dc8   Section      196  faddsub_clz.o(x$fpl$fadd)
    _fadd1                                   0x08005dd7   Thumb Code     0  faddsub_clz.o(x$fpl$fadd)
    x$fpl$fcheck1                            0x08005e8c   Section       12  fcheck1.o(x$fpl$fcheck1)
    x$fpl$fcmp                               0x08005e98   Section       84  fcmp.o(x$fpl$fcmp)
    x$fpl$fcmpinf                            0x08005eec   Section       24  fcmpi.o(x$fpl$fcmpinf)
    _fdiv1                                   0x08005f05   Thumb Code     0  fdiv.o(x$fpl$fdiv)
    x$fpl$fdiv                               0x08005f04   Section      388  fdiv.o(x$fpl$fdiv)
    x$fpl$feqf                               0x08006088   Section      104  feqf.o(x$fpl$feqf)
    x$fpl$ffix                               0x080060f0   Section       54  ffix.o(x$fpl$ffix)
    x$fpl$fflt                               0x08006128   Section       48  fflt_clz.o(x$fpl$fflt)
    x$fpl$ffltu                              0x08006158   Section       38  fflt_clz.o(x$fpl$ffltu)
    x$fpl$fgeqf                              0x08006180   Section      104  fgeqf.o(x$fpl$fgeqf)
    x$fpl$fleqf                              0x080061e8   Section      104  fleqf.o(x$fpl$fleqf)
    x$fpl$fmul                               0x08006250   Section      258  fmul.o(x$fpl$fmul)
    x$fpl$fnaninf                            0x08006352   Section      140  fnaninf.o(x$fpl$fnaninf)
    x$fpl$frem                               0x080063e0   Section      244  frem_clz.o(x$fpl$frem)
    x$fpl$fretinf                            0x080064d4   Section       10  fretinf.o(x$fpl$fretinf)
    x$fpl$frnd                               0x080064e0   Section       96  frnd.o(x$fpl$frnd)
    x$fpl$frsb                               0x08006540   Section       20  faddsub_clz.o(x$fpl$frsb)
    x$fpl$fsqrt                              0x08006554   Section      272  fsqrt.o(x$fpl$fsqrt)
    x$fpl$fsub                               0x08006664   Section      234  faddsub_clz.o(x$fpl$fsub)
    _fsub1                                   0x08006673   Thumb Code     0  faddsub_clz.o(x$fpl$fsub)
    x$fpl$retnan                             0x0800674e   Section      100  retnan.o(x$fpl$retnan)
    x$fpl$scalbnf                            0x080067b2   Section       76  scalbnf.o(x$fpl$scalbnf)
    x$fpl$trapveneer                         0x080067fe   Section       48  trapv.o(x$fpl$trapveneer)
    x$fpl$usenofp                            0x0800682e   Section        0  usenofp.o(x$fpl$usenofp)
    twooverpi                                0x08006830   Data          32  rredf.o(.constdata)
    .constdata                               0x08006830   Section       32  rredf.o(.constdata)
    HAL_RCC_GetSysClockFreq.aPredivFactorTable 0x08006868   Data           2  stm32f1xx_hal_rcc.o(.rodata.HAL_RCC_GetSysClockFreq.aPredivFactorTable)
    [Anonymous Symbol]                       0x08006868   Section        0  stm32f1xx_hal_rcc.o(.rodata.HAL_RCC_GetSysClockFreq.aPredivFactorTable)
    HAL_RCC_GetSysClockFreq.aPLLMULFactorTable 0x0800686a   Data          16  stm32f1xx_hal_rcc.o(.rodata.cst16)
    [Anonymous Symbol]                       0x0800686a   Section        0  stm32f1xx_hal_rcc.o(.rodata.cst16)
    .L_MergedGlobals                         0x20000000   Data           8  stm32f1xx_hal.o(.data..L_MergedGlobals)
    [Anonymous Symbol]                       0x20000000   Section        0  stm32f1xx_hal.o(.data..L_MergedGlobals)
    .bss                                     0x20000010   Section       96  libspace.o(.bss)
    .L_MergedGlobals                         0x20000070   Data          80  main.o(.bss..L_MergedGlobals)
    [Anonymous Symbol]                       0x20000070   Section        0  main.o(.bss..L_MergedGlobals)
    .L_MergedGlobals                         0x200000c0   Data          12  protocol.o(.bss..L_MergedGlobals)
    [Anonymous Symbol]                       0x200000c0   Section        0  protocol.o(.bss..L_MergedGlobals)
    packet_state                             0x200000c1   Data           1  protocol.o(.bss..L_MergedGlobals)
    packet_type                              0x200000c2   Data           1  protocol.o(.bss..L_MergedGlobals)
    packet_idx                               0x200000c6   Data           2  protocol.o(.bss..L_MergedGlobals)
    huart_handle                             0x200000c8   Data           4  protocol.o(.bss..L_MergedGlobals)
    packet_data                              0x200010c0   Data         512  protocol.o(.bss.packet_data)
    [Anonymous Symbol]                       0x200010c0   Section        0  protocol.o(.bss.packet_data)
    Heap_Mem                                 0x200018c8   Data         512  startup_stm32f103xb.o(HEAP)
    HEAP                                     0x200018c8   Section      512  startup_stm32f103xb.o(HEAP)
    Stack_Mem                                0x20001ac8   Data        1024  startup_stm32f103xb.o(STACK)
    STACK                                    0x20001ac8   Section     1024  startup_stm32f103xb.o(STACK)
    __initial_sp                             0x20001ec8   Data           0  startup_stm32f103xb.o(STACK)

    Global Symbols

    Symbol Name                              Value     Ov Type        Size  Object(Section)

    BuildAttributes$$THM_ISAv4$P$D$K$B$S$PE$A:L22UL41UL21$X:L11$S22US41US21$IEEE1$IW$~IW$USESV6$~STKCKD$USESV7$~SHL$OTIME$ROPI$IEEEX$EBA8$UX$STANDARDLIB$REQ8$PRES8$EABIv2 0x00000000   Number         0  anon$$obj.o ABSOLUTE
    __fp_init_empty                          0x00000000   Number         0  fpinit_empty.o ABSOLUTE
    __ARM_exceptions_init                     - Undefined Weak Reference
    __alloca_initialize                       - Undefined Weak Reference
    __arm_preinit_                            - Undefined Weak Reference
    __arm_relocate_pie_                       - Undefined Weak Reference
    __cpp_initialize__aeabi_                  - Undefined Weak Reference
    __cxa_finalize                            - Undefined Weak Reference
    __rt_locale                               - Undefined Weak Reference
    __sigvec_lookup                           - Undefined Weak Reference
    __user_heap_extent                        - Undefined Weak Reference
    _atexit_init                              - Undefined Weak Reference
    _call_atexit_fns                          - Undefined Weak Reference
    _clock_init                               - Undefined Weak Reference
    _fp_trap_init                             - Undefined Weak Reference
    _fp_trap_shutdown                         - Undefined Weak Reference
    _get_lc_collate                           - Undefined Weak Reference
    _get_lc_ctype                             - Undefined Weak Reference
    _get_lc_monetary                          - Undefined Weak Reference
    _get_lc_numeric                           - Undefined Weak Reference
    _get_lc_time                              - Undefined Weak Reference
    _getenv_init                              - Undefined Weak Reference
    _handle_redirection                       - Undefined Weak Reference
    _initio                                   - Undefined Weak Reference
    _mutex_acquire                            - Undefined Weak Reference
    _mutex_free                               - Undefined Weak Reference
    _mutex_release                            - Undefined Weak Reference
    _rand_init                                - Undefined Weak Reference
    _signal_finish                            - Undefined Weak Reference
    _signal_init                              - Undefined Weak Reference
    _terminateio                              - Undefined Weak Reference
    __Vectors_Size                           0x000000ec   Number         0  startup_stm32f103xb.o ABSOLUTE
    __Vectors                                0x08000000   Data           4  startup_stm32f103xb.o(RESET)
    __Vectors_End                            0x080000ec   Data           0  startup_stm32f103xb.o(RESET)
    __main                                   0x080000ed   Thumb Code     8  __main.o(!!!main)
    __scatterload                            0x080000f5   Thumb Code     0  __scatter.o(!!!scatter)
    __scatterload_rt2                        0x080000f5   Thumb Code    44  __scatter.o(!!!scatter)
    __scatterload_rt2_thumb_only             0x080000f5   Thumb Code     0  __scatter.o(!!!scatter)
    __scatterload_null                       0x08000103   Thumb Code     0  __scatter.o(!!!scatter)
    __scatterload_copy                       0x08000129   Thumb Code    26  __scatter_copy.o(!!handler_copy)
    __scatterload_zeroinit                   0x08000145   Thumb Code    28  __scatter_zi.o(!!handler_zi)
    __rt_lib_init                            0x08000161   Thumb Code     0  libinit.o(.ARM.Collect$$libinit$$00000000)
    __rt_lib_init_fp_1                       0x08000163   Thumb Code     0  libinit2.o(.ARM.Collect$$libinit$$00000002)
    __rt_lib_init_heap_2                     0x08000163   Thumb Code     0  libinit2.o(.ARM.Collect$$libinit$$00000007)
    __rt_lib_init_preinit_1                  0x08000163   Thumb Code     0  libinit2.o(.ARM.Collect$$libinit$$00000006)
    __rt_lib_init_relocate_pie_1             0x08000163   Thumb Code     0  libinit2.o(.ARM.Collect$$libinit$$00000004)
    __rt_lib_init_alloca_1                   0x0800016b   Thumb Code     0  libinit2.o(.ARM.Collect$$libinit$$00000030)
    __rt_lib_init_argv_1                     0x0800016b   Thumb Code     0  libinit2.o(.ARM.Collect$$libinit$$0000002E)
    __rt_lib_init_atexit_1                   0x0800016b   Thumb Code     0  libinit2.o(.ARM.Collect$$libinit$$0000001D)
    __rt_lib_init_clock_1                    0x0800016b   Thumb Code     0  libinit2.o(.ARM.Collect$$libinit$$00000023)
    __rt_lib_init_cpp_1                      0x0800016b   Thumb Code     0  libinit2.o(.ARM.Collect$$libinit$$00000034)
    __rt_lib_init_exceptions_1               0x0800016b   Thumb Code     0  libinit2.o(.ARM.Collect$$libinit$$00000032)
    __rt_lib_init_fp_trap_1                  0x0800016b   Thumb Code     0  libinit2.o(.ARM.Collect$$libinit$$00000021)
    __rt_lib_init_getenv_1                   0x0800016b   Thumb Code     0  libinit2.o(.ARM.Collect$$libinit$$00000025)
    __rt_lib_init_heap_1                     0x0800016b   Thumb Code     0  libinit2.o(.ARM.Collect$$libinit$$0000000C)
    __rt_lib_init_lc_collate_1               0x0800016b   Thumb Code     0  libinit2.o(.ARM.Collect$$libinit$$00000013)
    __rt_lib_init_lc_ctype_1                 0x0800016b   Thumb Code     0  libinit2.o(.ARM.Collect$$libinit$$00000015)
    __rt_lib_init_lc_monetary_1              0x0800016b   Thumb Code     0  libinit2.o(.ARM.Collect$$libinit$$00000017)
    __rt_lib_init_lc_numeric_1               0x0800016b   Thumb Code     0  libinit2.o(.ARM.Collect$$libinit$$00000019)
    __rt_lib_init_lc_time_1                  0x0800016b   Thumb Code     0  libinit2.o(.ARM.Collect$$libinit$$0000001B)
    __rt_lib_init_rand_1                     0x0800016b   Thumb Code     0  libinit2.o(.ARM.Collect$$libinit$$00000010)
    __rt_lib_init_return                     0x0800016b   Thumb Code     0  libinit2.o(.ARM.Collect$$libinit$$00000035)
    __rt_lib_init_signal_1                   0x0800016b   Thumb Code     0  libinit2.o(.ARM.Collect$$libinit$$0000001F)
    __rt_lib_init_stdio_1                    0x0800016b   Thumb Code     0  libinit2.o(.ARM.Collect$$libinit$$00000027)
    __rt_lib_init_user_alloc_1               0x0800016b   Thumb Code     0  libinit2.o(.ARM.Collect$$libinit$$0000000E)
    __rt_lib_shutdown                        0x0800016d   Thumb Code     0  libshutdown.o(.ARM.Collect$$libshutdown$$00000000)
    __rt_lib_shutdown_cpp_1                  0x0800016f   Thumb Code     0  libshutdown2.o(.ARM.Collect$$libshutdown$$00000002)
    __rt_lib_shutdown_fp_trap_1              0x0800016f   Thumb Code     0  libshutdown2.o(.ARM.Collect$$libshutdown$$00000007)
    __rt_lib_shutdown_heap_1                 0x0800016f   Thumb Code     0  libshutdown2.o(.ARM.Collect$$libshutdown$$0000000F)
    __rt_lib_shutdown_return                 0x0800016f   Thumb Code     0  libshutdown2.o(.ARM.Collect$$libshutdown$$00000010)
    __rt_lib_shutdown_signal_1               0x0800016f   Thumb Code     0  libshutdown2.o(.ARM.Collect$$libshutdown$$0000000A)
    __rt_lib_shutdown_stdio_1                0x0800016f   Thumb Code     0  libshutdown2.o(.ARM.Collect$$libshutdown$$00000004)
    __rt_lib_shutdown_user_alloc_1           0x0800016f   Thumb Code     0  libshutdown2.o(.ARM.Collect$$libshutdown$$0000000C)
    __rt_entry                               0x08000171   Thumb Code     0  __rtentry.o(.ARM.Collect$$rtentry$$00000000)
    __rt_entry_presh_1                       0x08000171   Thumb Code     0  __rtentry2.o(.ARM.Collect$$rtentry$$00000002)
    __rt_entry_sh                            0x08000171   Thumb Code     0  __rtentry4.o(.ARM.Collect$$rtentry$$00000004)
    __rt_entry_li                            0x08000177   Thumb Code     0  __rtentry2.o(.ARM.Collect$$rtentry$$0000000A)
    __rt_entry_postsh_1                      0x08000177   Thumb Code     0  __rtentry2.o(.ARM.Collect$$rtentry$$00000009)
    __rt_entry_main                          0x0800017b   Thumb Code     0  __rtentry2.o(.ARM.Collect$$rtentry$$0000000D)
    __rt_entry_postli_1                      0x0800017b   Thumb Code     0  __rtentry2.o(.ARM.Collect$$rtentry$$0000000C)
    __rt_exit                                0x08000183   Thumb Code     0  rtexit.o(.ARM.Collect$$rtexit$$00000000)
    __rt_exit_ls                             0x08000185   Thumb Code     0  rtexit2.o(.ARM.Collect$$rtexit$$00000003)
    __rt_exit_prels_1                        0x08000185   Thumb Code     0  rtexit2.o(.ARM.Collect$$rtexit$$00000002)
    __rt_exit_exit                           0x08000189   Thumb Code     0  rtexit2.o(.ARM.Collect$$rtexit$$00000004)
    Reset_Handler                            0x08000191   Thumb Code     8  startup_stm32f103xb.o(.text)
    ADC1_2_IRQHandler                        0x080001ab   Thumb Code     0  startup_stm32f103xb.o(.text)
    CAN1_RX1_IRQHandler                      0x080001ab   Thumb Code     0  startup_stm32f103xb.o(.text)
    CAN1_SCE_IRQHandler                      0x080001ab   Thumb Code     0  startup_stm32f103xb.o(.text)
    DMA1_Channel1_IRQHandler                 0x080001ab   Thumb Code     0  startup_stm32f103xb.o(.text)
    DMA1_Channel2_IRQHandler                 0x080001ab   Thumb Code     0  startup_stm32f103xb.o(.text)
    DMA1_Channel3_IRQHandler                 0x080001ab   Thumb Code     0  startup_stm32f103xb.o(.text)
    DMA1_Channel4_IRQHandler                 0x080001ab   Thumb Code     0  startup_stm32f103xb.o(.text)
    DMA1_Channel5_IRQHandler                 0x080001ab   Thumb Code     0  startup_stm32f103xb.o(.text)
    EXTI15_10_IRQHandler                     0x080001ab   Thumb Code     0  startup_stm32f103xb.o(.text)
    EXTI2_IRQHandler                         0x080001ab   Thumb Code     0  startup_stm32f103xb.o(.text)
    EXTI3_IRQHandler                         0x080001ab   Thumb Code     0  startup_stm32f103xb.o(.text)
    EXTI9_5_IRQHandler                       0x080001ab   Thumb Code     0  startup_stm32f103xb.o(.text)
    FLASH_IRQHandler                         0x080001ab   Thumb Code     0  startup_stm32f103xb.o(.text)
    I2C1_ER_IRQHandler                       0x080001ab   Thumb Code     0  startup_stm32f103xb.o(.text)
    I2C1_EV_IRQHandler                       0x080001ab   Thumb Code     0  startup_stm32f103xb.o(.text)
    I2C2_ER_IRQHandler                       0x080001ab   Thumb Code     0  startup_stm32f103xb.o(.text)
    I2C2_EV_IRQHandler                       0x080001ab   Thumb Code     0  startup_stm32f103xb.o(.text)
    PVD_IRQHandler                           0x080001ab   Thumb Code     0  startup_stm32f103xb.o(.text)
    RCC_IRQHandler                           0x080001ab   Thumb Code     0  startup_stm32f103xb.o(.text)
    RTC_Alarm_IRQHandler                     0x080001ab   Thumb Code     0  startup_stm32f103xb.o(.text)
    RTC_IRQHandler                           0x080001ab   Thumb Code     0  startup_stm32f103xb.o(.text)
    SPI1_IRQHandler                          0x080001ab   Thumb Code     0  startup_stm32f103xb.o(.text)
    SPI2_IRQHandler                          0x080001ab   Thumb Code     0  startup_stm32f103xb.o(.text)
    TAMPER_IRQHandler                        0x080001ab   Thumb Code     0  startup_stm32f103xb.o(.text)
    TIM1_BRK_IRQHandler                      0x080001ab   Thumb Code     0  startup_stm32f103xb.o(.text)
    TIM1_CC_IRQHandler                       0x080001ab   Thumb Code     0  startup_stm32f103xb.o(.text)
    TIM1_TRG_COM_IRQHandler                  0x080001ab   Thumb Code     0  startup_stm32f103xb.o(.text)
    TIM1_UP_IRQHandler                       0x080001ab   Thumb Code     0  startup_stm32f103xb.o(.text)
    TIM2_IRQHandler                          0x080001ab   Thumb Code     0  startup_stm32f103xb.o(.text)
    TIM3_IRQHandler                          0x080001ab   Thumb Code     0  startup_stm32f103xb.o(.text)
    TIM4_IRQHandler                          0x080001ab   Thumb Code     0  startup_stm32f103xb.o(.text)
    USART1_IRQHandler                        0x080001ab   Thumb Code     0  startup_stm32f103xb.o(.text)
    USART3_IRQHandler                        0x080001ab   Thumb Code     0  startup_stm32f103xb.o(.text)
    USBWakeUp_IRQHandler                     0x080001ab   Thumb Code     0  startup_stm32f103xb.o(.text)
    USB_HP_CAN1_TX_IRQHandler                0x080001ab   Thumb Code     0  startup_stm32f103xb.o(.text)
    USB_LP_CAN1_RX0_IRQHandler               0x080001ab   Thumb Code     0  startup_stm32f103xb.o(.text)
    WWDG_IRQHandler                          0x080001ab   Thumb Code     0  startup_stm32f103xb.o(.text)
    __user_initial_stackheap                 0x080001ad   Thumb Code     0  startup_stm32f103xb.o(.text)
    malloc                                   0x080001d1   Thumb Code    94  h1_alloc.o(.text)
    free                                     0x0800022f   Thumb Code    78  h1_free.o(.text)
    __aeabi_memcpy4                          0x0800027d   Thumb Code     0  rt_memcpy_w.o(.text)
    __aeabi_memcpy8                          0x0800027d   Thumb Code     0  rt_memcpy_w.o(.text)
    __rt_memcpy_w                            0x0800027d   Thumb Code   100  rt_memcpy_w.o(.text)
    _memcpy_lastbytes_aligned                0x080002c5   Thumb Code     0  rt_memcpy_w.o(.text)
    __aeabi_memclr4                          0x080002e1   Thumb Code     0  rt_memclr_w.o(.text)
    __aeabi_memclr8                          0x080002e1   Thumb Code     0  rt_memclr_w.o(.text)
    __rt_memclr_w                            0x080002e1   Thumb Code     0  rt_memclr_w.o(.text)
    _memset_w                                0x080002e5   Thumb Code    74  rt_memclr_w.o(.text)
    __use_two_region_memory                  0x0800032f   Thumb Code     2  heapauxi.o(.text)
    __rt_heap_escrow                         0x08000331   Thumb Code     2  heapauxi.o(.text)
    __rt_heap_expand                         0x08000333   Thumb Code     2  heapauxi.o(.text)
    __rt_heap_descriptor                     0x08000335   Thumb Code     8  rt_heap_descriptor_intlibspace.o(.text)
    __use_no_heap                            0x0800033d   Thumb Code     2  hguard.o(.text)
    __heap$guard                             0x0800033f   Thumb Code     2  hguard.o(.text)
    _terminate_user_alloc                    0x08000341   Thumb Code     2  init_alloc.o(.text)
    _init_user_alloc                         0x08000343   Thumb Code     2  init_alloc.o(.text)
    __Heap_Full                              0x08000345   Thumb Code    34  init_alloc.o(.text)
    __Heap_Broken                            0x08000367   Thumb Code     6  init_alloc.o(.text)
    _init_alloc                              0x0800036d   Thumb Code    94  init_alloc.o(.text)
    __Heap_Initialize                        0x080003cb   Thumb Code    10  h1_init.o(.text)
    __Heap_DescSize                          0x080003d5   Thumb Code     4  h1_init.o(.text)
    __read_errno                             0x080003d9   Thumb Code    10  _rserrno.o(.text)
    __set_errno                              0x080003e3   Thumb Code    12  _rserrno.o(.text)
    __user_libspace                          0x080003f1   Thumb Code     8  libspace.o(.text)
    __user_perproc_libspace                  0x080003f1   Thumb Code     0  libspace.o(.text)
    __user_perthread_libspace                0x080003f1   Thumb Code     0  libspace.o(.text)
    __aeabi_errno_addr                       0x080003f9   Thumb Code     8  rt_errno_addr_intlibspace.o(.text)
    __errno$intlibspace                      0x080003f9   Thumb Code     0  rt_errno_addr_intlibspace.o(.text)
    __rt_errno_addr$intlibspace              0x080003f9   Thumb Code     0  rt_errno_addr_intlibspace.o(.text)
    __Heap_ProvideMemory                     0x08000401   Thumb Code    52  h1_extend.o(.text)
    _maybe_terminate_alloc                   0x08000401   Thumb Code     0  maybetermalloc1.o(.text)
    __rt_SIGRTMEM                            0x08000435   Thumb Code    14  defsig_rtmem_outer.o(.text)
    __I$use$semihosting                      0x08000443   Thumb Code     0  use_no_semi.o(.text)
    __use_no_semihosting_swi                 0x08000443   Thumb Code     2  use_no_semi.o(.text)
    __semihosting_library_function           0x08000445   Thumb Code     0  indicate_semi.o(.text)
    __user_setup_stackheap                   0x08000445   Thumb Code    74  sys_stackheap_outer.o(.text)
    exit                                     0x0800048f   Thumb Code    18  exit.o(.text)
    __sig_exit                               0x080004a1   Thumb Code    10  defsig_exit.o(.text)
    __rt_SIGRTMEM_inner                      0x080004ad   Thumb Code    22  defsig_rtmem_inner.o(.text)
    _sys_exit                                0x080004fd   Thumb Code     8  sys_exit.o(.text)
    __default_signal_display                 0x08000509   Thumb Code    50  defsig_general.o(.text)
    _ttywrch                                 0x0800053b   Thumb Code    14  sys_wrch.o(.text)
    BusFault_Handler                         0x08000549   Thumb Code     2  stm32f1xx_it.o(.text.BusFault_Handler)
    DMA1_Channel6_IRQHandler                 0x0800054d   Thumb Code    12  stm32f1xx_it.o(.text.DMA1_Channel6_IRQHandler)
    DMA1_Channel7_IRQHandler                 0x08000559   Thumb Code    12  stm32f1xx_it.o(.text.DMA1_Channel7_IRQHandler)
    DebugMon_Handler                         0x08000565   Thumb Code     2  stm32f1xx_it.o(.text.DebugMon_Handler)
    EXTI0_IRQHandler                         0x08000569   Thumb Code     6  stm32f1xx_it.o(.text.EXTI0_IRQHandler)
    EXTI1_IRQHandler                         0x08000571   Thumb Code     6  stm32f1xx_it.o(.text.EXTI1_IRQHandler)
    EXTI4_IRQHandler                         0x08000579   Thumb Code     6  stm32f1xx_it.o(.text.EXTI4_IRQHandler)
    Enemies_CleanupOld                       0x08000581   Thumb Code   140  cleanup.o(.text.Enemies_CleanupOld)
    Enemies_GeneratePatrolPoints             0x0800060d   Thumb Code  1258  enemies.o(.text.Enemies_GeneratePatrolPoints)
    Enemies_RemoveHard                       0x08000af9   Thumb Code    52  enemies.o(.text.Enemies_RemoveHard)
    Enemies_RemoveSimple                     0x08000b2d   Thumb Code   108  enemies.o(.text.Enemies_RemoveSimple)
    Enemies_ShootHardAtPlayer                0x08000b99   Thumb Code   268  enemies.o(.text.Enemies_ShootHardAtPlayer)
    Enemies_Update                           0x08000ca5   Thumb Code  1930  enemies.o(.text.Enemies_Update)
    EnemyHard_UpdateAI                       0x08001431   Thumb Code   564  enemies.o(.text.EnemyHard_UpdateAI)
    EnemySimple_UpdateAI                     0x08001665   Thumb Code   250  enemies.o(.text.EnemySimple_UpdateAI)
    Error_Handler                            0x08001761   Thumb Code    24  main.o(.text.Error_Handler)
    GameState_CheckCollisions                0x08001779   Thumb Code    18  collisions.o(.text.GameState_CheckCollisions)
    GameState_Cleanup                        0x0800178d   Thumb Code    26  game_state.o(.text.GameState_Cleanup)
    GameState_Init                           0x080017a9   Thumb Code   176  game_state.o(.text.GameState_Init)
    GameState_Update                         0x08001859   Thumb Code    88  game_state.o(.text.GameState_Update)
    HAL_DMA_Abort                            0x080018b1   Thumb Code    70  stm32f1xx_hal_dma.o(.text.HAL_DMA_Abort)
    HAL_DMA_Abort_IT                         0x080018f9   Thumb Code   178  stm32f1xx_hal_dma.o(.text.HAL_DMA_Abort_IT)
    HAL_DMA_IRQHandler                       0x080019ad   Thumb Code   416  stm32f1xx_hal_dma.o(.text.HAL_DMA_IRQHandler)
    HAL_DMA_Init                             0x08001b4d   Thumb Code   136  stm32f1xx_hal_dma.o(.text.HAL_DMA_Init)
    HAL_DMA_Start_IT                         0x08001bd5   Thumb Code   156  stm32f1xx_hal_dma.o(.text.HAL_DMA_Start_IT)
    HAL_GPIO_EXTI_Callback                   0x08001c71   Thumb Code     2  stm32f1xx_hal_gpio.o(.text.HAL_GPIO_EXTI_Callback)
    HAL_GPIO_EXTI_IRQHandler                 0x08001c75   Thumb Code    22  stm32f1xx_hal_gpio.o(.text.HAL_GPIO_EXTI_IRQHandler)
    HAL_GPIO_Init                            0x08001c8d   Thumb Code   538  stm32f1xx_hal_gpio.o(.text.HAL_GPIO_Init)
    HAL_GPIO_ReadPin                         0x08001ea9   Thumb Code    10  stm32f1xx_hal_gpio.o(.text.HAL_GPIO_ReadPin)
    HAL_GetTick                              0x08001eb5   Thumb Code    12  stm32f1xx_hal.o(.text.HAL_GetTick)
    HAL_IncTick                              0x08001ec1   Thumb Code    26  stm32f1xx_hal.o(.text.HAL_IncTick)
    HAL_Init                                 0x08001edd   Thumb Code    38  stm32f1xx_hal.o(.text.HAL_Init)
    HAL_InitTick                             0x08001f05   Thumb Code    72  stm32f1xx_hal.o(.text.HAL_InitTick)
    HAL_MspInit                              0x08001f4d   Thumb Code    66  stm32f1xx_hal_msp.o(.text.HAL_MspInit)
    HAL_NVIC_EnableIRQ                       0x08001f91   Thumb Code    38  stm32f1xx_hal_cortex.o(.text.HAL_NVIC_EnableIRQ)
    HAL_NVIC_SetPriority                     0x08001fb9   Thumb Code    86  stm32f1xx_hal_cortex.o(.text.HAL_NVIC_SetPriority)
    HAL_NVIC_SetPriorityGrouping             0x08002011   Thumb Code    32  stm32f1xx_hal_cortex.o(.text.HAL_NVIC_SetPriorityGrouping)
    HAL_RCC_ClockConfig                      0x08002031   Thumb Code   446  stm32f1xx_hal_rcc.o(.text.HAL_RCC_ClockConfig)
    HAL_RCC_GetPCLK1Freq                     0x080021f1   Thumb Code    38  stm32f1xx_hal_rcc.o(.text.HAL_RCC_GetPCLK1Freq)
    HAL_RCC_GetPCLK2Freq                     0x08002219   Thumb Code    38  stm32f1xx_hal_rcc.o(.text.HAL_RCC_GetPCLK2Freq)
    HAL_RCC_OscConfig                        0x08002241   Thumb Code   948  stm32f1xx_hal_rcc.o(.text.HAL_RCC_OscConfig)
    HAL_SYSTICK_Config                       0x080025f5   Thumb Code    44  stm32f1xx_hal_cortex.o(.text.HAL_SYSTICK_Config)
    HAL_UARTEx_RxEventCallback               0x08002621   Thumb Code     2  stm32f1xx_hal_uart.o(.text.HAL_UARTEx_RxEventCallback)
    HAL_UART_ErrorCallback                   0x08002625   Thumb Code    56  main.o(.text.HAL_UART_ErrorCallback)
    HAL_UART_IRQHandler                      0x0800265d   Thumb Code  1376  stm32f1xx_hal_uart.o(.text.HAL_UART_IRQHandler)
    HAL_UART_Init                            0x08002bbd   Thumb Code   226  stm32f1xx_hal_uart.o(.text.HAL_UART_Init)
    HAL_UART_MspInit                         0x08002ca1   Thumb Code   216  stm32f1xx_hal_msp.o(.text.HAL_UART_MspInit)
    HAL_UART_Receive_DMA                     0x08002d79   Thumb Code   352  stm32f1xx_hal_uart.o(.text.HAL_UART_Receive_DMA)
    HAL_UART_RxCpltCallback                  0x08002ed9   Thumb Code     2  stm32f1xx_hal_uart.o(.text.HAL_UART_RxCpltCallback)
    HAL_UART_RxHalfCpltCallback              0x08002edd   Thumb Code     2  stm32f1xx_hal_uart.o(.text.HAL_UART_RxHalfCpltCallback)
    HAL_UART_Transmit_DMA                    0x08002ee1   Thumb Code   188  stm32f1xx_hal_uart.o(.text.HAL_UART_Transmit_DMA)
    HAL_UART_TxCpltCallback                  0x08002f9d   Thumb Code    30  main.o(.text.HAL_UART_TxCpltCallback)
    HAL_UART_TxHalfCpltCallback              0x08002fbd   Thumb Code     2  stm32f1xx_hal_uart.o(.text.HAL_UART_TxHalfCpltCallback)
    HardFault_Handler                        0x08002fc1   Thumb Code     2  stm32f1xx_it.o(.text.HardFault_Handler)
    Input_Init                               0x08002fc5   Thumb Code     2  input.o(.text.Input_Init)
    Input_IsPressed                          0x08002fc9   Thumb Code    26  input.o(.text.Input_IsPressed)
    Input_JustPressed                        0x08002fe5   Thumb Code    64  input.o(.text.Input_JustPressed)
    Input_Update                             0x08003025   Thumb Code    74  input.o(.text.Input_Update)
    MemManage_Handler                        0x08003071   Thumb Code     2  stm32f1xx_it.o(.text.MemManage_Handler)
    NMI_Handler                              0x08003075   Thumb Code     2  stm32f1xx_it.o(.text.NMI_Handler)
    Obstacles_CleanupOld                     0x08003079   Thumb Code   114  cleanup.o(.text.Obstacles_CleanupOld)
    PendSV_Handler                           0x080030ed   Thumb Code     2  stm32f1xx_it.o(.text.PendSV_Handler)
    Player_CheckEnemyCollisions              0x080030f1   Thumb Code   316  collisions.o(.text.Player_CheckEnemyCollisions)
    Player_HandleMovement                    0x0800322d   Thumb Code   282  player.o(.text.Player_HandleMovement)
    Player_HandleRotation                    0x08003349   Thumb Code   192  player.o(.text.Player_HandleRotation)
    Player_Shoot                             0x08003409   Thumb Code   158  player.o(.text.Player_Shoot)
    Player_Update                            0x080034a9   Thumb Code    34  player.o(.text.Player_Update)
    Projectiles_CheckCollisions              0x080034cd   Thumb Code   906  collisions.o(.text.Projectiles_CheckCollisions)
    Projectiles_Remove                       0x08003859   Thumb Code    80  projectiles.o(.text.Projectiles_Remove)
    Projectiles_Update                       0x080038a9   Thumb Code   108  projectiles.o(.text.Projectiles_Update)
    Protocol_CleanupRxBuffer                 0x08003915   Thumb Code    62  protocol.o(.text.Protocol_CleanupRxBuffer)
    Protocol_Init                            0x08003955   Thumb Code    38  protocol.o(.text.Protocol_Init)
    Protocol_ProcessIncoming                 0x0800397d   Thumb Code  2254  protocol.o(.text.Protocol_ProcessIncoming)
    Protocol_SendGameState                   0x0800424d   Thumb Code  1500  protocol.o(.text.Protocol_SendGameState)
    SVC_Handler                              0x08004829   Thumb Code     2  stm32f1xx_it.o(.text.SVC_Handler)
    SysTick_Handler                          0x0800482d   Thumb Code     4  stm32f1xx_it.o(.text.SysTick_Handler)
    SystemInit                               0x08004831   Thumb Code     2  system_stm32f1xx.o(.text.SystemInit)
    USART2_IRQHandler                        0x08004ced   Thumb Code    12  stm32f1xx_it.o(.text.USART2_IRQHandler)
    UsageFault_Handler                       0x08004cf9   Thumb Code     2  stm32f1xx_it.o(.text.UsageFault_Handler)
    WhirlpoolManager_Add                     0x08004cfd   Thumb Code    58  whirlpool.o(.text.WhirlpoolManager_Add)
    WhirlpoolManager_Cleanup                 0x08004d39   Thumb Code   110  whirlpool.o(.text.WhirlpoolManager_Cleanup)
    WhirlpoolManager_CreateForTeleport       0x08004da9   Thumb Code  1106  whirlpool.o(.text.WhirlpoolManager_CreateForTeleport)
    WhirlpoolManager_Init                    0x080051fd   Thumb Code    10  whirlpool.o(.text.WhirlpoolManager_Init)
    WhirlpoolManager_Update                  0x08005209   Thumb Code   486  whirlpool.o(.text.WhirlpoolManager_Update)
    main                                     0x080053f1   Thumb Code   494  main.o(.text.main)
    __ARM_fpclassifyf                        0x080055df   Thumb Code    38  fpclassifyf.o(i.__ARM_fpclassifyf)
    __mathlib_flt_infnan                     0x08005605   Thumb Code     6  funder.o(i.__mathlib_flt_infnan)
    __mathlib_flt_infnan2                    0x0800560b   Thumb Code     4  funder.o(i.__mathlib_flt_infnan2)
    __mathlib_flt_invalid                    0x0800560f   Thumb Code     8  funder.o(i.__mathlib_flt_invalid)
    __mathlib_flt_underflow                  0x08005617   Thumb Code    10  funder.o(i.__mathlib_flt_underflow)
    __mathlib_rredf2                         0x08005621   Thumb Code   344  rredf.o(i.__mathlib_rredf2)
    atan2f                                   0x08005789   Thumb Code   598  atan2f.o(i.atan2f)
    cosf                                     0x08005a2d   Thumb Code   328  cosf.o(i.cosf)
    fmodf                                    0x08005ba9   Thumb Code   108  fmodf.o(i.fmodf)
    sinf                                     0x08005c15   Thumb Code   338  sinf.o(i.sinf)
    sqrtf                                    0x08005d9d   Thumb Code    44  sqrtf.o(i.sqrtf)
    __aeabi_fadd                             0x08005dc9   Thumb Code     0  faddsub_clz.o(x$fpl$fadd)
    _fadd                                    0x08005dc9   Thumb Code   196  faddsub_clz.o(x$fpl$fadd)
    __fpl_fcheck_NaN1                        0x08005e8d   Thumb Code     6  fcheck1.o(x$fpl$fcheck1)
    __aeabi_fcmpeq                           0x08005e99   Thumb Code     0  fcmp.o(x$fpl$fcmp)
    _feq                                     0x08005e99   Thumb Code    14  fcmp.o(x$fpl$fcmp)
    _fneq                                    0x08005ea7   Thumb Code    14  fcmp.o(x$fpl$fcmp)
    __aeabi_fcmpgt                           0x08005eb5   Thumb Code     0  fcmp.o(x$fpl$fcmp)
    _fgr                                     0x08005eb5   Thumb Code    14  fcmp.o(x$fpl$fcmp)
    __aeabi_fcmpge                           0x08005ec3   Thumb Code     0  fcmp.o(x$fpl$fcmp)
    _fgeq                                    0x08005ec3   Thumb Code    14  fcmp.o(x$fpl$fcmp)
    __aeabi_fcmple                           0x08005ed1   Thumb Code     0  fcmp.o(x$fpl$fcmp)
    _fleq                                    0x08005ed1   Thumb Code    14  fcmp.o(x$fpl$fcmp)
    __aeabi_fcmplt                           0x08005edf   Thumb Code     0  fcmp.o(x$fpl$fcmp)
    _fls                                     0x08005edf   Thumb Code    14  fcmp.o(x$fpl$fcmp)
    __fpl_fcmp_Inf                           0x08005eed   Thumb Code    24  fcmpi.o(x$fpl$fcmpinf)
    __aeabi_fdiv                             0x08005f05   Thumb Code     0  fdiv.o(x$fpl$fdiv)
    _fdiv                                    0x08005f05   Thumb Code   384  fdiv.o(x$fpl$fdiv)
    __aeabi_cfcmpeq                          0x08006089   Thumb Code     0  feqf.o(x$fpl$feqf)
    _fcmpeq                                  0x08006089   Thumb Code   104  feqf.o(x$fpl$feqf)
    __aeabi_f2iz                             0x080060f1   Thumb Code     0  ffix.o(x$fpl$ffix)
    _ffix                                    0x080060f1   Thumb Code    54  ffix.o(x$fpl$ffix)
    __aeabi_i2f                              0x08006129   Thumb Code     0  fflt_clz.o(x$fpl$fflt)
    _fflt                                    0x08006129   Thumb Code    48  fflt_clz.o(x$fpl$fflt)
    __aeabi_ui2f                             0x08006159   Thumb Code     0  fflt_clz.o(x$fpl$ffltu)
    _ffltu                                   0x08006159   Thumb Code    38  fflt_clz.o(x$fpl$ffltu)
    _fcmpge                                  0x08006181   Thumb Code   104  fgeqf.o(x$fpl$fgeqf)
    __aeabi_cfcmple                          0x080061e9   Thumb Code     0  fleqf.o(x$fpl$fleqf)
    _fcmple                                  0x080061e9   Thumb Code   104  fleqf.o(x$fpl$fleqf)
    __fpl_fcmple_InfNaN                      0x0800623b   Thumb Code     0  fleqf.o(x$fpl$fleqf)
    __aeabi_fmul                             0x08006251   Thumb Code     0  fmul.o(x$fpl$fmul)
    _fmul                                    0x08006251   Thumb Code   258  fmul.o(x$fpl$fmul)
    __fpl_fnaninf                            0x08006353   Thumb Code   140  fnaninf.o(x$fpl$fnaninf)
    _frem                                    0x080063e1   Thumb Code   240  frem_clz.o(x$fpl$frem)
    __fpl_fretinf                            0x080064d5   Thumb Code    10  fretinf.o(x$fpl$fretinf)
    _frnd                                    0x080064e1   Thumb Code    96  frnd.o(x$fpl$frnd)
    __aeabi_frsub                            0x08006541   Thumb Code     0  faddsub_clz.o(x$fpl$frsb)
    _frsb                                    0x08006541   Thumb Code    20  faddsub_clz.o(x$fpl$frsb)
    _fsqrt                                   0x08006555   Thumb Code   272  fsqrt.o(x$fpl$fsqrt)
    __aeabi_fsub                             0x08006665   Thumb Code     0  faddsub_clz.o(x$fpl$fsub)
    _fsub                                    0x08006665   Thumb Code   234  faddsub_clz.o(x$fpl$fsub)
    __fpl_return_NaN                         0x0800674f   Thumb Code   100  retnan.o(x$fpl$retnan)
    __ARM_scalbnf                            0x080067b3   Thumb Code    76  scalbnf.o(x$fpl$scalbnf)
    __fpl_cmpreturn                          0x080067ff   Thumb Code    48  trapv.o(x$fpl$trapveneer)
    __I$use$fp                               0x0800682e   Number         0  usenofp.o(x$fpl$usenofp)
    AHBPrescTable                            0x08006850   Data          16  system_stm32f1xx.o(.rodata.AHBPrescTable)
    APBPrescTable                            0x08006860   Data           8  system_stm32f1xx.o(.rodata.APBPrescTable)
    Region$$Table$$Base                      0x0800687c   Number         0  anon$$obj.o(Region$$Table)
    Region$$Table$$Limit                     0x0800689c   Number         0  anon$$obj.o(Region$$Table)
    uwTickFreq                               0x20000000   Data           1  stm32f1xx_hal.o(.data..L_MergedGlobals)
    uwTickPrio                               0x20000004   Data           4  stm32f1xx_hal.o(.data..L_MergedGlobals)
    SystemCoreClock                          0x20000008   Data           4  system_stm32f1xx.o(.data.SystemCoreClock)
    __libspace_start                         0x20000010   Data          96  libspace.o(.bss)
    __temporary_stack_top$libspace           0x20000070   Data           0  libspace.o(.bss)
    input                                    0x20000070   Data           6  main.o(.bss..L_MergedGlobals)
    huart2                                   0x20000078   Data          72  main.o(.bss..L_MergedGlobals)
    uart_tx_busy                             0x200000c0   Data           1  protocol.o(.bss..L_MergedGlobals)
    rx_write_pos                             0x200000c4   Data           2  protocol.o(.bss..L_MergedGlobals)
    Utils_RandomSeed                         0x200000cc   Data           4  globals.o(.bss.Utils_RandomSeed)
    game                                     0x200000d0   Data        3944  main.o(.bss.game)
    hdma_usart2_rx                           0x20001038   Data          68  main.o(.bss.hdma_usart2_rx)
    hdma_usart2_tx                           0x2000107c   Data          68  main.o(.bss.hdma_usart2_tx)
    rx_buffer                                0x200012c0   Data        1024  protocol.o(.bss.rx_buffer)
    tx_buffer                                0x200016c0   Data         512  protocol.o(.bss.tx_buffer)
    uwTick                                   0x200018c0   Data           4  stm32f1xx_hal.o(.bss.uwTick)



==============================================================================

Memory Map of the image

  Image Entry point : 0x080000ed

  Load Region LR_IROM1 (Base: 0x08000000, Size: 0x000068b0, Max: 0x00020000, ABSOLUTE)

    Execution Region ER_IROM1 (Exec base: 0x08000000, Load base: 0x08000000, Size: 0x0000689c, Max: 0x00020000, ABSOLUTE)

    Exec Addr    Load Addr    Size         Type   Attr      Idx    E Section Name        Object

    0x08000000   0x08000000   0x000000ec   Data   RO            3    RESET               startup_stm32f103xb.o
    0x080000ec   0x080000ec   0x00000008   Code   RO          812  * !!!main             c_w.l(__main.o)
    0x080000f4   0x080000f4   0x00000034   Code   RO         1116    !!!scatter          c_w.l(__scatter.o)
    0x08000128   0x08000128   0x0000001a   Code   RO         1118    !!handler_copy      c_w.l(__scatter_copy.o)
    0x08000142   0x08000142   0x00000002   PAD
    0x08000144   0x08000144   0x0000001c   Code   RO         1120    !!handler_zi        c_w.l(__scatter_zi.o)
    0x08000160   0x08000160   0x00000002   Code   RO         1045    .ARM.Collect$$libinit$$00000000  c_w.l(libinit.o)
    0x08000162   0x08000162   0x00000000   Code   RO          885    .ARM.Collect$$libinit$$00000002  c_w.l(libinit2.o)
    0x08000162   0x08000162   0x00000000   Code   RO          887    .ARM.Collect$$libinit$$00000004  c_w.l(libinit2.o)
    0x08000162   0x08000162   0x00000000   Code   RO          889    .ARM.Collect$$libinit$$00000006  c_w.l(libinit2.o)
    0x08000162   0x08000162   0x00000008   Code   RO          890    .ARM.Collect$$libinit$$00000007  c_w.l(libinit2.o)
    0x0800016a   0x0800016a   0x00000000   Code   RO          892    .ARM.Collect$$libinit$$0000000C  c_w.l(libinit2.o)
    0x0800016a   0x0800016a   0x00000000   Code   RO          894    .ARM.Collect$$libinit$$0000000E  c_w.l(libinit2.o)
    0x0800016a   0x0800016a   0x00000000   Code   RO          896    .ARM.Collect$$libinit$$00000010  c_w.l(libinit2.o)
    0x0800016a   0x0800016a   0x00000000   Code   RO          899    .ARM.Collect$$libinit$$00000013  c_w.l(libinit2.o)
    0x0800016a   0x0800016a   0x00000000   Code   RO          901    .ARM.Collect$$libinit$$00000015  c_w.l(libinit2.o)
    0x0800016a   0x0800016a   0x00000000   Code   RO          903    .ARM.Collect$$libinit$$00000017  c_w.l(libinit2.o)
    0x0800016a   0x0800016a   0x00000000   Code   RO          905    .ARM.Collect$$libinit$$00000019  c_w.l(libinit2.o)
    0x0800016a   0x0800016a   0x00000000   Code   RO          907    .ARM.Collect$$libinit$$0000001B  c_w.l(libinit2.o)
    0x0800016a   0x0800016a   0x00000000   Code   RO          909    .ARM.Collect$$libinit$$0000001D  c_w.l(libinit2.o)
    0x0800016a   0x0800016a   0x00000000   Code   RO          911    .ARM.Collect$$libinit$$0000001F  c_w.l(libinit2.o)
    0x0800016a   0x0800016a   0x00000000   Code   RO          913    .ARM.Collect$$libinit$$00000021  c_w.l(libinit2.o)
    0x0800016a   0x0800016a   0x00000000   Code   RO          915    .ARM.Collect$$libinit$$00000023  c_w.l(libinit2.o)
    0x0800016a   0x0800016a   0x00000000   Code   RO          917    .ARM.Collect$$libinit$$00000025  c_w.l(libinit2.o)
    0x0800016a   0x0800016a   0x00000000   Code   RO          919    .ARM.Collect$$libinit$$00000027  c_w.l(libinit2.o)
    0x0800016a   0x0800016a   0x00000000   Code   RO          923    .ARM.Collect$$libinit$$0000002E  c_w.l(libinit2.o)
    0x0800016a   0x0800016a   0x00000000   Code   RO          925    .ARM.Collect$$libinit$$00000030  c_w.l(libinit2.o)
    0x0800016a   0x0800016a   0x00000000   Code   RO          927    .ARM.Collect$$libinit$$00000032  c_w.l(libinit2.o)
    0x0800016a   0x0800016a   0x00000000   Code   RO          929    .ARM.Collect$$libinit$$00000034  c_w.l(libinit2.o)
    0x0800016a   0x0800016a   0x00000002   Code   RO          930    .ARM.Collect$$libinit$$00000035  c_w.l(libinit2.o)
    0x0800016c   0x0800016c   0x00000002   Code   RO         1113    .ARM.Collect$$libshutdown$$00000000  c_w.l(libshutdown.o)
    0x0800016e   0x0800016e   0x00000000   Code   RO         1063    .ARM.Collect$$libshutdown$$00000002  c_w.l(libshutdown2.o)
    0x0800016e   0x0800016e   0x00000000   Code   RO         1065    .ARM.Collect$$libshutdown$$00000004  c_w.l(libshutdown2.o)
    0x0800016e   0x0800016e   0x00000000   Code   RO         1068    .ARM.Collect$$libshutdown$$00000007  c_w.l(libshutdown2.o)
    0x0800016e   0x0800016e   0x00000000   Code   RO         1071    .ARM.Collect$$libshutdown$$0000000A  c_w.l(libshutdown2.o)
    0x0800016e   0x0800016e   0x00000000   Code   RO         1073    .ARM.Collect$$libshutdown$$0000000C  c_w.l(libshutdown2.o)
    0x0800016e   0x0800016e   0x00000000   Code   RO         1076    .ARM.Collect$$libshutdown$$0000000F  c_w.l(libshutdown2.o)
    0x0800016e   0x0800016e   0x00000002   Code   RO         1077    .ARM.Collect$$libshutdown$$00000010  c_w.l(libshutdown2.o)
    0x08000170   0x08000170   0x00000000   Code   RO          856    .ARM.Collect$$rtentry$$00000000  c_w.l(__rtentry.o)
    0x08000170   0x08000170   0x00000000   Code   RO          979    .ARM.Collect$$rtentry$$00000002  c_w.l(__rtentry2.o)
    0x08000170   0x08000170   0x00000006   Code   RO          991    .ARM.Collect$$rtentry$$00000004  c_w.l(__rtentry4.o)
    0x08000176   0x08000176   0x00000000   Code   RO          981    .ARM.Collect$$rtentry$$00000009  c_w.l(__rtentry2.o)
    0x08000176   0x08000176   0x00000004   Code   RO          982    .ARM.Collect$$rtentry$$0000000A  c_w.l(__rtentry2.o)
    0x0800017a   0x0800017a   0x00000000   Code   RO          984    .ARM.Collect$$rtentry$$0000000C  c_w.l(__rtentry2.o)
    0x0800017a   0x0800017a   0x00000008   Code   RO          985    .ARM.Collect$$rtentry$$0000000D  c_w.l(__rtentry2.o)
    0x08000182   0x08000182   0x00000002   Code   RO         1052    .ARM.Collect$$rtexit$$00000000  c_w.l(rtexit.o)
    0x08000184   0x08000184   0x00000000   Code   RO         1085    .ARM.Collect$$rtexit$$00000002  c_w.l(rtexit2.o)
    0x08000184   0x08000184   0x00000004   Code   RO         1086    .ARM.Collect$$rtexit$$00000003  c_w.l(rtexit2.o)
    0x08000188   0x08000188   0x00000006   Code   RO         1087    .ARM.Collect$$rtexit$$00000004  c_w.l(rtexit2.o)
    0x0800018e   0x0800018e   0x00000002   PAD
    0x08000190   0x08000190   0x00000040   Code   RO            4    .text               startup_stm32f103xb.o
    0x080001d0   0x080001d0   0x0000005e   Code   RO          748    .text               c_w.l(h1_alloc.o)
    0x0800022e   0x0800022e   0x0000004e   Code   RO          750    .text               c_w.l(h1_free.o)
    0x0800027c   0x0800027c   0x00000064   Code   RO          806    .text               c_w.l(rt_memcpy_w.o)
    0x080002e0   0x080002e0   0x0000004e   Code   RO          808    .text               c_w.l(rt_memclr_w.o)
    0x0800032e   0x0800032e   0x00000006   Code   RO          810    .text               c_w.l(heapauxi.o)
    0x08000334   0x08000334   0x00000008   Code   RO          860    .text               c_w.l(rt_heap_descriptor_intlibspace.o)
    0x0800033c   0x0800033c   0x00000004   Code   RO          862    .text               c_w.l(hguard.o)
    0x08000340   0x08000340   0x0000008a   Code   RO          864    .text               c_w.l(init_alloc.o)
    0x080003ca   0x080003ca   0x0000000e   Code   RO          868    .text               c_w.l(h1_init.o)
    0x080003d8   0x080003d8   0x00000016   Code   RO          880    .text               c_w.l(_rserrno.o)
    0x080003ee   0x080003ee   0x00000002   PAD
    0x080003f0   0x080003f0   0x00000008   Code   RO          975    .text               c_w.l(libspace.o)
    0x080003f8   0x080003f8   0x00000008   Code   RO          996    .text               c_w.l(rt_errno_addr_intlibspace.o)
    0x08000400   0x08000400   0x00000000   Code   RO         1000    .text               c_w.l(maybetermalloc1.o)
    0x08000400   0x08000400   0x00000034   Code   RO         1002    .text               c_w.l(h1_extend.o)
    0x08000434   0x08000434   0x0000000e   Code   RO         1006    .text               c_w.l(defsig_rtmem_outer.o)
    0x08000442   0x08000442   0x00000002   Code   RO         1021    .text               c_w.l(use_no_semi.o)
    0x08000444   0x08000444   0x00000000   Code   RO         1023    .text               c_w.l(indicate_semi.o)
    0x08000444   0x08000444   0x0000004a   Code   RO         1024    .text               c_w.l(sys_stackheap_outer.o)
    0x0800048e   0x0800048e   0x00000012   Code   RO         1030    .text               c_w.l(exit.o)
    0x080004a0   0x080004a0   0x0000000a   Code   RO         1032    .text               c_w.l(defsig_exit.o)
    0x080004aa   0x080004aa   0x00000002   PAD
    0x080004ac   0x080004ac   0x00000050   Code   RO         1034    .text               c_w.l(defsig_rtmem_inner.o)
    0x080004fc   0x080004fc   0x0000000c   Code   RO         1048    .text               c_w.l(sys_exit.o)
    0x08000508   0x08000508   0x00000032   Code   RO         1060    .text               c_w.l(defsig_general.o)
    0x0800053a   0x0800053a   0x0000000e   Code   RO         1080    .text               c_w.l(sys_wrch.o)
    0x08000548   0x08000548   0x00000002   Code   RO           40    .text.BusFault_Handler  stm32f1xx_it.o
    0x0800054a   0x0800054a   0x00000002   PAD
    0x0800054c   0x0800054c   0x0000000c   Code   RO           58    .text.DMA1_Channel6_IRQHandler  stm32f1xx_it.o
    0x08000558   0x08000558   0x0000000c   Code   RO           60    .text.DMA1_Channel7_IRQHandler  stm32f1xx_it.o
    0x08000564   0x08000564   0x00000002   Code   RO           46    .text.DebugMon_Handler  stm32f1xx_it.o
    0x08000566   0x08000566   0x00000002   PAD
    0x08000568   0x08000568   0x00000006   Code   RO           52    .text.EXTI0_IRQHandler  stm32f1xx_it.o
    0x0800056e   0x0800056e   0x00000002   PAD
    0x08000570   0x08000570   0x00000006   Code   RO           54    .text.EXTI1_IRQHandler  stm32f1xx_it.o
    0x08000576   0x08000576   0x00000002   PAD
    0x08000578   0x08000578   0x00000006   Code   RO           56    .text.EXTI4_IRQHandler  stm32f1xx_it.o
    0x0800057e   0x0800057e   0x00000002   PAD
    0x08000580   0x08000580   0x0000008c   Code   RO          569    .text.Enemies_CleanupOld  cleanup.o
    0x0800060c   0x0800060c   0x000004ea   Code   RO          611    .text.Enemies_GeneratePatrolPoints  enemies.o
    0x08000af6   0x08000af6   0x00000002   PAD
    0x08000af8   0x08000af8   0x00000034   Code   RO          613    .text.Enemies_RemoveHard  enemies.o
    0x08000b2c   0x08000b2c   0x0000006c   Code   RO          601    .text.Enemies_RemoveSimple  enemies.o
    0x08000b98   0x08000b98   0x0000010c   Code   RO          619    .text.Enemies_ShootHardAtPlayer  enemies.o
    0x08000ca4   0x08000ca4   0x0000078a   Code   RO          599    .text.Enemies_Update  enemies.o
    0x0800142e   0x0800142e   0x00000002   PAD
    0x08001430   0x08001430   0x00000234   Code   RO          615    .text.EnemyHard_UpdateAI  enemies.o
    0x08001664   0x08001664   0x000000fa   Code   RO          603    .text.EnemySimple_UpdateAI  enemies.o
    0x0800175e   0x0800175e   0x00000002   PAD
    0x08001760   0x08001760   0x00000018   Code   RO           19    .text.Error_Handler  main.o
    0x08001778   0x08001778   0x00000012   Code   RO          587    .text.GameState_CheckCollisions  collisions.o
    0x0800178a   0x0800178a   0x00000002   PAD
    0x0800178c   0x0800178c   0x0000001a   Code   RO          633    .text.GameState_Cleanup  game_state.o
    0x080017a6   0x080017a6   0x00000002   PAD
    0x080017a8   0x080017a8   0x000000b0   Code   RO          629    .text.GameState_Init  game_state.o
    0x08001858   0x08001858   0x00000058   Code   RO          631    .text.GameState_Update  game_state.o
    0x080018b0   0x080018b0   0x00000046   Code   RO          365    .text.HAL_DMA_Abort  stm32f1xx_hal_dma.o
    0x080018f6   0x080018f6   0x00000002   PAD
    0x080018f8   0x080018f8   0x000000b2   Code   RO          367    .text.HAL_DMA_Abort_IT  stm32f1xx_hal_dma.o
    0x080019aa   0x080019aa   0x00000002   PAD
    0x080019ac   0x080019ac   0x000001a0   Code   RO          371    .text.HAL_DMA_IRQHandler  stm32f1xx_hal_dma.o
    0x08001b4c   0x08001b4c   0x00000088   Code   RO          357    .text.HAL_DMA_Init  stm32f1xx_hal_dma.o
    0x08001bd4   0x08001bd4   0x0000009c   Code   RO          363    .text.HAL_DMA_Start_IT  stm32f1xx_hal_dma.o
    0x08001c70   0x08001c70   0x00000002   Code   RO          347    .text.HAL_GPIO_EXTI_Callback  stm32f1xx_hal_gpio.o
    0x08001c72   0x08001c72   0x00000002   PAD
    0x08001c74   0x08001c74   0x00000016   Code   RO          345    .text.HAL_GPIO_EXTI_IRQHandler  stm32f1xx_hal_gpio.o
    0x08001c8a   0x08001c8a   0x00000002   PAD
    0x08001c8c   0x08001c8c   0x0000021a   Code   RO          333    .text.HAL_GPIO_Init  stm32f1xx_hal_gpio.o
    0x08001ea6   0x08001ea6   0x00000002   PAD
    0x08001ea8   0x08001ea8   0x0000000a   Code   RO          337    .text.HAL_GPIO_ReadPin  stm32f1xx_hal_gpio.o
    0x08001eb2   0x08001eb2   0x00000002   PAD
    0x08001eb4   0x08001eb4   0x0000000c   Code   RO          233    .text.HAL_GetTick   stm32f1xx_hal.o
    0x08001ec0   0x08001ec0   0x0000001a   Code   RO          231    .text.HAL_IncTick   stm32f1xx_hal.o
    0x08001eda   0x08001eda   0x00000002   PAD
    0x08001edc   0x08001edc   0x00000026   Code   RO          221    .text.HAL_Init      stm32f1xx_hal.o
    0x08001f02   0x08001f02   0x00000002   PAD
    0x08001f04   0x08001f04   0x00000048   Code   RO          223    .text.HAL_InitTick  stm32f1xx_hal.o
    0x08001f4c   0x08001f4c   0x00000042   Code   RO           71    .text.HAL_MspInit   stm32f1xx_hal_msp.o
    0x08001f8e   0x08001f8e   0x00000002   PAD
    0x08001f90   0x08001f90   0x00000026   Code   RO          393    .text.HAL_NVIC_EnableIRQ  stm32f1xx_hal_cortex.o
    0x08001fb6   0x08001fb6   0x00000002   PAD
    0x08001fb8   0x08001fb8   0x00000056   Code   RO          391    .text.HAL_NVIC_SetPriority  stm32f1xx_hal_cortex.o
    0x0800200e   0x0800200e   0x00000002   PAD
    0x08002010   0x08002010   0x00000020   Code   RO          389    .text.HAL_NVIC_SetPriorityGrouping  stm32f1xx_hal_cortex.o
    0x08002030   0x08002030   0x000001be   Code   RO          285    .text.HAL_RCC_ClockConfig  stm32f1xx_hal_rcc.o
    0x080021ee   0x080021ee   0x00000002   PAD
    0x080021f0   0x080021f0   0x00000026   Code   RO          297    .text.HAL_RCC_GetPCLK1Freq  stm32f1xx_hal_rcc.o
    0x08002216   0x08002216   0x00000002   PAD
    0x08002218   0x08002218   0x00000026   Code   RO          299    .text.HAL_RCC_GetPCLK2Freq  stm32f1xx_hal_rcc.o
    0x0800223e   0x0800223e   0x00000002   PAD
    0x08002240   0x08002240   0x000003b4   Code   RO          283    .text.HAL_RCC_OscConfig  stm32f1xx_hal_rcc.o
    0x080025f4   0x080025f4   0x0000002c   Code   RO          401    .text.HAL_SYSTICK_Config  stm32f1xx_hal_cortex.o
    0x08002620   0x08002620   0x00000002   Code   RO          185    .text.HAL_UARTEx_RxEventCallback  stm32f1xx_hal_uart.o
    0x08002622   0x08002622   0x00000002   PAD
    0x08002624   0x08002624   0x00000038   Code   RO           17    .text.HAL_UART_ErrorCallback  main.o
    0x0800265c   0x0800265c   0x00000560   Code   RO          177    .text.HAL_UART_IRQHandler  stm32f1xx_hal_uart.o
    0x08002bbc   0x08002bbc   0x000000e2   Code   RO          101    .text.HAL_UART_Init  stm32f1xx_hal_uart.o
    0x08002c9e   0x08002c9e   0x00000002   PAD
    0x08002ca0   0x08002ca0   0x000000d8   Code   RO           73    .text.HAL_UART_MspInit  stm32f1xx_hal_msp.o
    0x08002d78   0x08002d78   0x00000160   Code   RO          133    .text.HAL_UART_Receive_DMA  stm32f1xx_hal_uart.o
    0x08002ed8   0x08002ed8   0x00000002   Code   RO          191    .text.HAL_UART_RxCpltCallback  stm32f1xx_hal_uart.o
    0x08002eda   0x08002eda   0x00000002   PAD
    0x08002edc   0x08002edc   0x00000002   Code   RO          193    .text.HAL_UART_RxHalfCpltCallback  stm32f1xx_hal_uart.o
    0x08002ede   0x08002ede   0x00000002   PAD
    0x08002ee0   0x08002ee0   0x000000bc   Code   RO          125    .text.HAL_UART_Transmit_DMA  stm32f1xx_hal_uart.o
    0x08002f9c   0x08002f9c   0x0000001e   Code   RO           15    .text.HAL_UART_TxCpltCallback  main.o
    0x08002fba   0x08002fba   0x00000002   PAD
    0x08002fbc   0x08002fbc   0x00000002   Code   RO          189    .text.HAL_UART_TxHalfCpltCallback  stm32f1xx_hal_uart.o
    0x08002fbe   0x08002fbe   0x00000002   PAD
    0x08002fc0   0x08002fc0   0x00000002   Code   RO           36    .text.HardFault_Handler  stm32f1xx_it.o
    0x08002fc2   0x08002fc2   0x00000002   PAD
    0x08002fc4   0x08002fc4   0x00000002   Code   RO          699    .text.Input_Init    input.o
    0x08002fc6   0x08002fc6   0x00000002   PAD
    0x08002fc8   0x08002fc8   0x0000001a   Code   RO          703    .text.Input_IsPressed  input.o
    0x08002fe2   0x08002fe2   0x00000002   PAD
    0x08002fe4   0x08002fe4   0x00000040   Code   RO          705    .text.Input_JustPressed  input.o
    0x08003024   0x08003024   0x0000004a   Code   RO          701    .text.Input_Update  input.o
    0x0800306e   0x0800306e   0x00000002   PAD
    0x08003070   0x08003070   0x00000002   Code   RO           38    .text.MemManage_Handler  stm32f1xx_it.o
    0x08003072   0x08003072   0x00000002   PAD
    0x08003074   0x08003074   0x00000002   Code   RO           34    .text.NMI_Handler   stm32f1xx_it.o
    0x08003076   0x08003076   0x00000002   PAD
    0x08003078   0x08003078   0x00000072   Code   RO          571    .text.Obstacles_CleanupOld  cleanup.o
    0x080030ea   0x080030ea   0x00000002   PAD
    0x080030ec   0x080030ec   0x00000002   Code   RO           48    .text.PendSV_Handler  stm32f1xx_it.o
    0x080030ee   0x080030ee   0x00000002   PAD
    0x080030f0   0x080030f0   0x0000013c   Code   RO          589    .text.Player_CheckEnemyCollisions  collisions.o
    0x0800322c   0x0800322c   0x0000011a   Code   RO          647    .text.Player_HandleMovement  player.o
    0x08003346   0x08003346   0x00000002   PAD
    0x08003348   0x08003348   0x000000c0   Code   RO          645    .text.Player_HandleRotation  player.o
    0x08003408   0x08003408   0x0000009e   Code   RO          653    .text.Player_Shoot  player.o
    0x080034a6   0x080034a6   0x00000002   PAD
    0x080034a8   0x080034a8   0x00000022   Code   RO          643    .text.Player_Update  player.o
    0x080034ca   0x080034ca   0x00000002   PAD
    0x080034cc   0x080034cc   0x0000038a   Code   RO          583    .text.Projectiles_CheckCollisions  collisions.o
    0x08003856   0x08003856   0x00000002   PAD
    0x08003858   0x08003858   0x00000050   Code   RO          665    .text.Projectiles_Remove  projectiles.o
    0x080038a8   0x080038a8   0x0000006c   Code   RO          663    .text.Projectiles_Update  projectiles.o
    0x08003914   0x08003914   0x0000003e   Code   RO          721    .text.Protocol_CleanupRxBuffer  protocol.o
    0x08003952   0x08003952   0x00000002   PAD
    0x08003954   0x08003954   0x00000026   Code   RO          717    .text.Protocol_Init  protocol.o
    0x0800397a   0x0800397a   0x00000002   PAD
    0x0800397c   0x0800397c   0x000008ce   Code   RO          723    .text.Protocol_ProcessIncoming  protocol.o
    0x0800424a   0x0800424a   0x00000002   PAD
    0x0800424c   0x0800424c   0x000005dc   Code   RO          719    .text.Protocol_SendGameState  protocol.o
    0x08004828   0x08004828   0x00000002   Code   RO           44    .text.SVC_Handler   stm32f1xx_it.o
    0x0800482a   0x0800482a   0x00000002   PAD
    0x0800482c   0x0800482c   0x00000004   Code   RO           50    .text.SysTick_Handler  stm32f1xx_it.o
    0x08004830   0x08004830   0x00000002   Code   RO          554    .text.SystemInit    system_stm32f1xx.o
    0x08004832   0x08004832   0x00000002   PAD
    0x08004834   0x08004834   0x0000000c   Code   RO          181    .text.UART_DMAAbortOnError  stm32f1xx_hal_uart.o
    0x08004840   0x08004840   0x0000017c   Code   RO          131    .text.UART_DMAError  stm32f1xx_hal_uart.o
    0x080049bc   0x080049bc   0x0000015e   Code   RO          209    .text.UART_DMAReceiveCplt  stm32f1xx_hal_uart.o
    0x08004b1a   0x08004b1a   0x00000002   PAD
    0x08004b1c   0x08004b1c   0x00000018   Code   RO          211    .text.UART_DMARxHalfCplt  stm32f1xx_hal_uart.o
    0x08004b34   0x08004b34   0x000000b0   Code   RO          127    .text.UART_DMATransmitCplt  stm32f1xx_hal_uart.o
    0x08004be4   0x08004be4   0x00000006   Code   RO          129    .text.UART_DMATxHalfCplt  stm32f1xx_hal_uart.o
    0x08004bea   0x08004bea   0x00000002   PAD
    0x08004bec   0x08004bec   0x000000fe   Code   RO          179    .text.UART_Receive_IT  stm32f1xx_hal_uart.o
    0x08004cea   0x08004cea   0x00000002   PAD
    0x08004cec   0x08004cec   0x0000000c   Code   RO           62    .text.USART2_IRQHandler  stm32f1xx_it.o
    0x08004cf8   0x08004cf8   0x00000002   Code   RO           42    .text.UsageFault_Handler  stm32f1xx_it.o
    0x08004cfa   0x08004cfa   0x00000002   PAD
    0x08004cfc   0x08004cfc   0x0000003a   Code   RO          687    .text.WhirlpoolManager_Add  whirlpool.o
    0x08004d36   0x08004d36   0x00000002   PAD
    0x08004d38   0x08004d38   0x0000006e   Code   RO          689    .text.WhirlpoolManager_Cleanup  whirlpool.o
    0x08004da6   0x08004da6   0x00000002   PAD
    0x08004da8   0x08004da8   0x00000452   Code   RO          683    .text.WhirlpoolManager_CreateForTeleport  whirlpool.o
    0x080051fa   0x080051fa   0x00000002   PAD
    0x080051fc   0x080051fc   0x0000000a   Code   RO          675    .text.WhirlpoolManager_Init  whirlpool.o
    0x08005206   0x08005206   0x00000002   PAD
    0x08005208   0x08005208   0x000001e6   Code   RO          677    .text.WhirlpoolManager_Update  whirlpool.o
    0x080053ee   0x080053ee   0x00000002   PAD
    0x080053f0   0x080053f0   0x000001ee   Code   RO           11    .text.main          main.o
    0x080055de   0x080055de   0x00000026   Code   RO          952    i.__ARM_fpclassifyf  m_ws.l(fpclassifyf.o)
    0x08005604   0x08005604   0x00000006   Code   RO          955    i.__mathlib_flt_infnan  m_ws.l(funder.o)
    0x0800560a   0x0800560a   0x00000004   Code   RO          956    i.__mathlib_flt_infnan2  m_ws.l(funder.o)
    0x0800560e   0x0800560e   0x00000008   Code   RO          957    i.__mathlib_flt_invalid  m_ws.l(funder.o)
    0x08005616   0x08005616   0x0000000a   Code   RO          960    i.__mathlib_flt_underflow  m_ws.l(funder.o)
    0x08005620   0x08005620   0x00000168   Code   RO          968    i.__mathlib_rredf2  m_ws.l(rredf.o)
    0x08005788   0x08005788   0x000002a4   Code   RO          835    i.atan2f            m_ws.l(atan2f.o)
    0x08005a2c   0x08005a2c   0x0000017c   Code   RO          839    i.cosf              m_ws.l(cosf.o)
    0x08005ba8   0x08005ba8   0x0000006c   Code   RO          843    i.fmodf             m_ws.l(fmodf.o)
    0x08005c14   0x08005c14   0x00000188   Code   RO          847    i.sinf              m_ws.l(sinf.o)
    0x08005d9c   0x08005d9c   0x0000002c   Code   RO          851    i.sqrtf             m_ws.l(sqrtf.o)
    0x08005dc8   0x08005dc8   0x000000c4   Code   RO          814    x$fpl$fadd          fz_ws.l(faddsub_clz.o)
    0x08005e8c   0x08005e8c   0x0000000c   Code   RO         1046    x$fpl$fcheck1       fz_ws.l(fcheck1.o)
    0x08005e98   0x08005e98   0x00000054   Code   RO          820    x$fpl$fcmp          fz_ws.l(fcmp.o)
    0x08005eec   0x08005eec   0x00000018   Code   RO         1015    x$fpl$fcmpinf       fz_ws.l(fcmpi.o)
    0x08005f04   0x08005f04   0x00000184   Code   RO          823    x$fpl$fdiv          fz_ws.l(fdiv.o)
    0x08006088   0x08006088   0x00000068   Code   RO          931    x$fpl$feqf          fz_ws.l(feqf.o)
    0x080060f0   0x080060f0   0x00000036   Code   RO          933    x$fpl$ffix          fz_ws.l(ffix.o)
    0x08006126   0x08006126   0x00000002   PAD
    0x08006128   0x08006128   0x00000030   Code   RO          827    x$fpl$fflt          fz_ws.l(fflt_clz.o)
    0x08006158   0x08006158   0x00000026   Code   RO          826    x$fpl$ffltu         fz_ws.l(fflt_clz.o)
    0x0800617e   0x0800617e   0x00000002   PAD
    0x08006180   0x08006180   0x00000068   Code   RO          937    x$fpl$fgeqf         fz_ws.l(fgeqf.o)
    0x080061e8   0x080061e8   0x00000068   Code   RO          939    x$fpl$fleqf         fz_ws.l(fleqf.o)
    0x08006250   0x08006250   0x00000102   Code   RO          832    x$fpl$fmul          fz_ws.l(fmul.o)
    0x08006352   0x08006352   0x0000008c   Code   RO          941    x$fpl$fnaninf       fz_ws.l(fnaninf.o)
    0x080063de   0x080063de   0x00000002   PAD
    0x080063e0   0x080063e0   0x000000f4   Code   RO          943    x$fpl$frem          fz_ws.l(frem_clz.o)
    0x080064d4   0x080064d4   0x0000000a   Code   RO          945    x$fpl$fretinf       fz_ws.l(fretinf.o)
    0x080064de   0x080064de   0x00000002   PAD
    0x080064e0   0x080064e0   0x00000060   Code   RO          947    x$fpl$frnd          fz_ws.l(frnd.o)
    0x08006540   0x08006540   0x00000014   Code   RO          815    x$fpl$frsb          fz_ws.l(faddsub_clz.o)
    0x08006554   0x08006554   0x00000110   Code   RO          949    x$fpl$fsqrt         fz_ws.l(fsqrt.o)
    0x08006664   0x08006664   0x000000ea   Code   RO          816    x$fpl$fsub          fz_ws.l(faddsub_clz.o)
    0x0800674e   0x0800674e   0x00000064   Code   RO         1078    x$fpl$retnan        fz_ws.l(retnan.o)
    0x080067b2   0x080067b2   0x0000004c   Code   RO         1019    x$fpl$scalbnf       fz_ws.l(scalbnf.o)
    0x080067fe   0x080067fe   0x00000030   Code   RO         1093    x$fpl$trapveneer    fz_ws.l(trapv.o)
    0x0800682e   0x0800682e   0x00000000   Code   RO          951    x$fpl$usenofp       fz_ws.l(usenofp.o)
    0x0800682e   0x0800682e   0x00000002   PAD
    0x08006830   0x08006830   0x00000020   Data   RO          969    .constdata          m_ws.l(rredf.o)
    0x08006850   0x08006850   0x00000010   Data   RO          559    .rodata.AHBPrescTable  system_stm32f1xx.o
    0x08006860   0x08006860   0x00000008   Data   RO          560    .rodata.APBPrescTable  system_stm32f1xx.o
    0x08006868   0x08006868   0x00000002   Data   RO          310    .rodata.HAL_RCC_GetSysClockFreq.aPredivFactorTable  stm32f1xx_hal_rcc.o
    0x0800686a   0x0800686a   0x00000010   Data   RO          309    .rodata.cst16       stm32f1xx_hal_rcc.o
    0x0800687a   0x0800687a   0x00000002   PAD
    0x0800687c   0x0800687c   0x00000020   Data   RO         1115    Region$$Table       anon$$obj.o


    Execution Region RW_IRAM1 (Exec base: 0x20000000, Load base: 0x080068a0, Size: 0x00001ec8, Max: 0x00005000, ABSOLUTE)

    Exec Addr    Load Addr    Size         Type   Attr      Idx    E Section Name        Object

    0x20000000   0x080068a0   0x00000008   Data   RW          272    .data..L_MergedGlobals  stm32f1xx_hal.o
    0x20000008   0x080068a8   0x00000004   Data   RW          558    .data.SystemCoreClock  system_stm32f1xx.o
    0x2000000c   0x080068ac   0x00000004   PAD
    0x20000010        -       0x00000060   Zero   RW          976    .bss                c_w.l(libspace.o)
    0x20000070        -       0x00000050   Zero   RW           25    .bss..L_MergedGlobals  main.o
    0x200000c0        -       0x0000000c   Zero   RW          728    .bss..L_MergedGlobals  protocol.o
    0x200000cc        -       0x00000004   Zero   RW          737    .bss.Utils_RandomSeed  globals.o
    0x200000d0        -       0x00000f68   Zero   RW           21    .bss.game           main.o
    0x20001038        -       0x00000044   Zero   RW           22    .bss.hdma_usart2_rx  main.o
    0x2000107c        -       0x00000044   Zero   RW           23    .bss.hdma_usart2_tx  main.o
    0x200010c0        -       0x00000200   Zero   RW          727    .bss.packet_data    protocol.o
    0x200012c0        -       0x00000400   Zero   RW          725    .bss.rx_buffer      protocol.o
    0x200016c0        -       0x00000200   Zero   RW          726    .bss.tx_buffer      protocol.o
    0x200018c0        -       0x00000004   Zero   RW          271    .bss.uwTick         stm32f1xx_hal.o
    0x200018c4   0x080068ac   0x00000004   PAD
    0x200018c8        -       0x00000200   Zero   RW            2    HEAP                startup_stm32f103xb.o
    0x20001ac8        -       0x00000400   Zero   RW            1    STACK               startup_stm32f103xb.o


==============================================================================

Image component sizes


      Code (inc. data)   RO Data    RW Data    ZI Data      Debug   Object Name

       254          0          0          0          0       3963   cleanup.o
      1240          0          0          0          0       6460   collisions.o
      4430          0          0          0          0      14774   enemies.o
       290          0          0          0          0       3775   game_state.o
         0          0          0          0          4        452   globals.o
       166          0          0          0          0       2188   input.o
       604          0          0          0       4160       9401   main.o
       666          0          0          0          0       6098   player.o
       188          0          0          0          0       3317   projectiles.o
      3854         12          0          0       2060      17708   protocol.o
        64         26        236          0       1536        796   startup_stm32f103xb.o
       148          0          0          8          4       5786   stm32f1xx_hal.o
       200          0          0          0          0       8544   stm32f1xx_hal_cortex.o
       956          0          0          0          0       8483   stm32f1xx_hal_dma.o
       572         22          0          0          0       4614   stm32f1xx_hal_gpio.o
       282          0          0          0          0       5712   stm32f1xx_hal_msp.o
      1470          0         18          0          0       7716   stm32f1xx_hal_rcc.o
      3352          0          0          0          0      32375   stm32f1xx_hal_uart.o
        74          0          0          0          0       4491   stm32f1xx_it.o
         2          0         24          4          0       1666   system_stm32f1xx.o
      1770          0          0          0          0      10641   whirlpool.o

    ----------------------------------------------------------------------
     20694         60        312         12       7772     158960   Object Totals
         0          0         32          0          0          0   (incl. Generated)
       112          0          2          0          8          0   (incl. Padding)

    ----------------------------------------------------------------------

      Code (inc. data)   RO Data    RW Data    ZI Data      Debug   Library Member Name

         8          0          0          0          0         68   __main.o
         0          0          0          0          0          0   __rtentry.o
        12          0          0          0          0          0   __rtentry2.o
         6          0          0          0          0          0   __rtentry4.o
        52          8          0          0          0          0   __scatter.o
        26          0          0          0          0          0   __scatter_copy.o
        28          0          0          0          0          0   __scatter_zi.o
        22          0          0          0          0        100   _rserrno.o
        10          0          0          0          0         68   defsig_exit.o
        50          0          0          0          0         88   defsig_general.o
        80         58          0          0          0         76   defsig_rtmem_inner.o
        14          0          0          0          0         80   defsig_rtmem_outer.o
        18          0          0          0          0         80   exit.o
        94          0          0          0          0         80   h1_alloc.o
        52          0          0          0          0         68   h1_extend.o
        78          0          0          0          0         80   h1_free.o
        14          0          0          0          0         84   h1_init.o
         6          0          0          0          0        152   heapauxi.o
         4          0          0          0          0        136   hguard.o
         0          0          0          0          0          0   indicate_semi.o
       138          0          0          0          0        168   init_alloc.o
         2          0          0          0          0          0   libinit.o
        10          0          0          0          0          0   libinit2.o
         2          0          0          0          0          0   libshutdown.o
         2          0          0          0          0          0   libshutdown2.o
         8          4          0          0         96         68   libspace.o
         0          0          0          0          0          0   maybetermalloc1.o
         8          4          0          0          0         68   rt_errno_addr_intlibspace.o
         8          4          0          0          0         68   rt_heap_descriptor_intlibspace.o
        78          0          0          0          0         80   rt_memclr_w.o
       100          0          0          0          0         80   rt_memcpy_w.o
         2          0          0          0          0          0   rtexit.o
        10          0          0          0          0          0   rtexit2.o
        12          4          0          0          0         68   sys_exit.o
        74          0          0          0          0         80   sys_stackheap_outer.o
        14          0          0          0          0         76   sys_wrch.o
         2          0          0          0          0         68   use_no_semi.o
       450          8          0          0          0        236   faddsub_clz.o
        12          4          0          0          0         68   fcheck1.o
        84          0          0          0          0        196   fcmp.o
        24          0          0          0          0         68   fcmpi.o
       388         76          0          0          0         96   fdiv.o
       104          4          0          0          0         84   feqf.o
        54          4          0          0          0         84   ffix.o
        86          0          0          0          0        136   fflt_clz.o
       104          4          0          0          0         84   fgeqf.o
       104          4          0          0          0         84   fleqf.o
       258          4          0          0          0         84   fmul.o
       140          4          0          0          0         84   fnaninf.o
       244          8          0          0          0         84   frem_clz.o
        10          0          0          0          0         68   fretinf.o
        96          4          0          0          0         76   frnd.o
       272        100          0          0          0         88   fsqrt.o
       100          0          0          0          0         68   retnan.o
        76          0          0          0          0         68   scalbnf.o
        48          0          0          0          0         68   trapv.o
         0          0          0          0          0          0   usenofp.o
       676         78          0          0          0        116   atan2f.o
       380         52          0          0          0        124   cosf.o
       108          0          0          0          0         96   fmodf.o
        38          0          0          0          0         68   fpclassifyf.o
        28          0          0          0          0        272   funder.o
       360         16         32          0          0         88   rredf.o
       392         54          0          0          0        124   sinf.o
        44          0          0          0          0         80   sqrtf.o

    ----------------------------------------------------------------------
      5742        506         32          0         96       4776   Library Totals
        18          0          0          0          0          0   (incl. Padding)

    ----------------------------------------------------------------------

      Code (inc. data)   RO Data    RW Data    ZI Data      Debug   Library Name

      1044         82          0          0         96       1984   c_w.l
      2654        224          0          0          0       1824   fz_ws.l
      2026        200         32          0          0        968   m_ws.l

    ----------------------------------------------------------------------
      5742        506         32          0         96       4776   Library Totals

    ----------------------------------------------------------------------

==============================================================================


      Code (inc. data)   RO Data    RW Data    ZI Data      Debug   

     26436        566        344         12       7868     160668   Grand Totals
     26436        566        344         12       7868     160668   ELF Image Totals
     26436        566        344         12          0          0   ROM Totals

==============================================================================

    Total RO  Size (Code + RO Data)                26780 (  26.15kB)
    Total RW  Size (RW Data + ZI Data)              7880 (   7.70kB)
    Total ROM Size (Code + RO Data + RW Data)      26792 (  26.16kB)

==============================================================================

